CCS PCM C Compiler, Version 5.076, 56587               01-dez-24 10:10

               Filename:   C:\projects\trabalho_final_microcontroladores\main.lst

               ROM used:   2695 words (33%)
                           Largest free fragment is 2048
               RAM used:   55 (15%) at main() level
                           65 (18%) worst case
               Stack used: 5 locations (3 in main + 2 for interrupts)
               Stack size: 8

*
0000:  MOVLW  09
0001:  MOVWF  0A
0002:  GOTO   178
0003:  NOP
0004:  MOVWF  7F
0005:  SWAPF  03,W
0006:  CLRF   03
0007:  MOVWF  21
0008:  MOVF   0A,W
0009:  MOVWF  20
000A:  CLRF   0A
000B:  MOVF   04,W
000C:  MOVWF  22
000D:  MOVF   77,W
000E:  MOVWF  23
000F:  MOVF   78,W
0010:  MOVWF  24
0011:  MOVF   79,W
0012:  MOVWF  25
0013:  MOVF   7A,W
0014:  MOVWF  26
0015:  BCF    03.7
0016:  BCF    03.5
0017:  BTFSS  0B.5
0018:  GOTO   01B
0019:  BTFSC  0B.2
001A:  GOTO   02C
001B:  MOVF   22,W
001C:  MOVWF  04
001D:  MOVF   23,W
001E:  MOVWF  77
001F:  MOVF   24,W
0020:  MOVWF  78
0021:  MOVF   25,W
0022:  MOVWF  79
0023:  MOVF   26,W
0024:  MOVWF  7A
0025:  MOVF   20,W
0026:  MOVWF  0A
0027:  SWAPF  21,W
0028:  MOVWF  03
0029:  SWAPF  7F,F
002A:  SWAPF  7F,W
002B:  RETFIE
002C:  BCF    0A.3
002D:  BCF    0A.4
002E:  GOTO   2CB
.................... #include <main.h> 
.................... #include <16F877A.h> 
.................... //////////// Standard Header file for the PIC16F877A device //////////////// 
.................... /////////////////////////////////////////////////////////////////////////// 
.................... ////        (C) Copyright 1996, 2014 Custom Computer Services          //// 
.................... //// This source code may only be used by licensed users of the CCS C  //// 
.................... //// compiler.  This source code may only be distributed to other      //// 
.................... //// licensed users of the CCS C compiler.  No other use, reproduction //// 
.................... //// or distribution is permitted without written permission.          //// 
.................... //// Derivative programs created using this software in object code    //// 
.................... //// form are not restricted in any way.                               //// 
.................... /////////////////////////////////////////////////////////////////////////// 
.................... #device PIC16F877A 
002F:  BCF    0A.0
0030:  BCF    0A.1
0031:  BCF    0A.2
0032:  ADDWF  02,F
0033:  RETLW  08
0034:  RETLW  00
0035:  RETLW  00
0036:  RETLW  01
0037:  RETLW  02
0038:  RETLW  04
0039:  RETLW  48
003A:  RETLW  40
003B:  RETLW  40
003C:  RETLW  41
003D:  RETLW  42
003E:  RETLW  44
003F:  BCF    0A.0
0040:  BCF    0A.1
0041:  BCF    0A.2
0042:  ADDWF  02,F
0043:  RETLW  00
0044:  RETLW  08
0045:  RETLW  01
0046:  RETLW  00
0047:  RETLW  00
0048:  RETLW  00
0049:  RETLW  00
004A:  RETLW  48
004B:  RETLW  41
004C:  RETLW  00
004D:  RETLW  00
004E:  RETLW  00
004F:  BCF    0A.0
0050:  BCF    0A.1
0051:  BCF    0A.2
0052:  ADDWF  02,F
0053:  RETLW  00
0054:  RETLW  01
0055:  RETLW  08
0056:  RETLW  00
0057:  RETLW  00
0058:  RETLW  00
0059:  RETLW  00
005A:  RETLW  41
005B:  RETLW  48
005C:  RETLW  00
005D:  RETLW  00
005E:  RETLW  00
005F:  BCF    0A.0
0060:  BCF    0A.1
0061:  BCF    0A.2
0062:  ADDWF  02,F
0063:  RETLW  01
0064:  RETLW  00
0065:  RETLW  00
0066:  RETLW  08
0067:  RETLW  10
0068:  RETLW  20
0069:  RETLW  41
006A:  RETLW  40
006B:  RETLW  40
006C:  RETLW  48
006D:  RETLW  50
006E:  RETLW  60
006F:  BCF    0A.0
0070:  BCF    0A.1
0071:  BCF    0A.2
0072:  ADDWF  02,F
0073:  RETLW  04
0074:  RETLW  03
0075:  RETLW  03
0076:  RETLW  03
0077:  RETLW  05
0078:  RETLW  05
0079:  RETLW  08
007A:  RETLW  08
007B:  RETLW  04
007C:  RETLW  03
007D:  RETLW  03
007E:  RETLW  03
007F:  RETLW  05
0080:  RETLW  05
0081:  RETLW  08
0082:  RETLW  08
0083:  RETLW  05
0084:  RETLW  0A
0085:  RETLW  0B
0086:  RETLW  0B
0087:  RETLW  0C
0088:  RETLW  0C
0089:  BCF    0A.0
008A:  BCF    0A.1
008B:  BCF    0A.2
008C:  ADDWF  02,F
008D:  RETLW  03
008E:  RETLW  00
008F:  RETLW  02
0090:  RETLW  06
0091:  RETLW  04
0092:  RETLW  02
0093:  RETLW  02
0094:  RETLW  03
0095:  RETLW  02
0096:  RETLW  01
0097:  RETLW  01
0098:  RETLW  04
0099:  RETLW  02
009A:  RETLW  05
009B:  RETLW  00
009C:  RETLW  02
009D:  RETLW  06
009E:  RETLW  04
009F:  RETLW  02
00A0:  RETLW  02
00A1:  RETLW  03
00A2:  RETLW  02
00A3:  RETLW  01
00A4:  RETLW  01
00A5:  RETLW  04
00A6:  RETLW  02
00A7:  RETLW  05
00A8:  RETLW  0A
00A9:  RETLW  0A
00AA:  RETLW  0A
00AB:  RETLW  0B
00AC:  RETLW  0B
00AD:  RETLW  0C
00AE:  RETLW  0C
00AF:  BCF    0A.0
00B0:  BCF    0A.1
00B1:  BCF    0A.2
00B2:  ADDWF  02,F
00B3:  RETLW  03
00B4:  RETLW  00
00B5:  RETLW  02
00B6:  RETLW  06
00B7:  RETLW  02
00B8:  RETLW  05
00B9:  RETLW  02
00BA:  RETLW  02
00BB:  RETLW  07
00BC:  RETLW  05
00BD:  RETLW  02
00BE:  RETLW  03
00BF:  RETLW  02
00C0:  RETLW  06
00C1:  RETLW  00
00C2:  RETLW  02
00C3:  RETLW  05
00C4:  RETLW  02
00C5:  RETLW  02
00C6:  RETLW  07
00C7:  RETLW  05
00C8:  RETLW  02
00C9:  RETLW  01
00CA:  RETLW  0A
00CB:  RETLW  0A
00CC:  RETLW  0A
00CD:  RETLW  0A
00CE:  RETLW  0A
00CF:  RETLW  0B
00D0:  RETLW  0B
00D1:  RETLW  0C
00D2:  RETLW  0C
00D3:  BCF    0A.0
00D4:  BCF    0A.1
00D5:  BCF    0A.2
00D6:  ADDWF  02,F
00D7:  RETLW  02
00D8:  RETLW  01
00D9:  RETLW  01
00DA:  RETLW  01
00DB:  RETLW  09
00DC:  RETLW  05
00DD:  RETLW  03
00DE:  RETLW  03
00DF:  RETLW  02
00E0:  RETLW  04
00E1:  RETLW  08
00E2:  RETLW  01
00E3:  RETLW  01
00E4:  RETLW  01
00E5:  RETLW  09
00E6:  RETLW  05
00E7:  RETLW  03
00E8:  RETLW  03
00E9:  RETLW  02
00EA:  RETLW  04
00EB:  RETLW  08
00EC:  RETLW  0A
00ED:  RETLW  0A
00EE:  RETLW  0A
00EF:  RETLW  0A
00F0:  RETLW  0B
00F1:  RETLW  0B
00F2:  RETLW  0C
00F3:  RETLW  0C
00F4:  BCF    0A.0
00F5:  BCF    0A.1
00F6:  BCF    0A.2
00F7:  ADDLW  FB
00F8:  BTFSC  03.0
00F9:  INCF   0A,F
00FA:  MOVWF  02
00FB:  RETLW  01
00FC:  RETLW  05
00FD:  RETLW  02
00FE:  RETLW  01
00FF:  RETLW  05
0100:  RETLW  02
0101:  RETLW  01
0102:  RETLW  02
0103:  RETLW  01
0104:  RETLW  01
0105:  RETLW  01
0106:  RETLW  01
0107:  RETLW  05
0108:  RETLW  02
0109:  RETLW  01
010A:  RETLW  05
010B:  RETLW  02
010C:  RETLW  01
010D:  RETLW  02
010E:  RETLW  01
010F:  RETLW  01
0110:  RETLW  01
0111:  RETLW  01
0112:  RETLW  08
0113:  RETLW  07
0114:  RETLW  06
0115:  RETLW  04
0116:  RETLW  0A
0117:  RETLW  0A
0118:  RETLW  0A
0119:  RETLW  0A
011A:  RETLW  0B
011B:  RETLW  0B
011C:  RETLW  0B
011D:  RETLW  0C
011E:  RETLW  0C
011F:  BSF    0A.0
0120:  BCF    0A.1
0121:  BCF    0A.2
0122:  ADDWF  02,F
0123:  RETLW  02
0124:  RETLW  03
0125:  RETLW  02
0126:  RETLW  01
0127:  RETLW  01
0128:  RETLW  03
0129:  RETLW  02
012A:  RETLW  01
012B:  RETLW  02
012C:  RETLW  01
012D:  RETLW  01
012E:  RETLW  01
012F:  RETLW  03
0130:  RETLW  03
0131:  RETLW  02
0132:  RETLW  01
0133:  RETLW  01
0134:  RETLW  02
0135:  RETLW  02
0136:  RETLW  01
0137:  RETLW  02
0138:  RETLW  01
0139:  RETLW  01
013A:  RETLW  01
013B:  RETLW  03
013C:  RETLW  08
013D:  RETLW  06
013E:  RETLW  01
013F:  RETLW  06
0140:  RETLW  04
0141:  RETLW  0A
0142:  RETLW  0A
0143:  RETLW  0A
0144:  RETLW  0B
0145:  RETLW  0B
0146:  RETLW  0B
0147:  RETLW  0C
0148:  RETLW  0C
0149:  BSF    0A.0
014A:  BCF    0A.1
014B:  BCF    0A.2
014C:  ADDWF  02,F
014D:  RETLW  03
014E:  RETLW  01
014F:  RETLW  03
0150:  RETLW  01
0151:  RETLW  02
0152:  RETLW  01
0153:  RETLW  03
0154:  RETLW  01
0155:  RETLW  03
0156:  RETLW  01
0157:  RETLW  07
0158:  RETLW  01
0159:  RETLW  03
015A:  RETLW  01
015B:  RETLW  02
015C:  RETLW  01
015D:  RETLW  03
015E:  RETLW  01
015F:  RETLW  03
0160:  RETLW  01
0161:  RETLW  07
0162:  RETLW  01
0163:  RETLW  01
0164:  RETLW  02
0165:  RETLW  05
0166:  RETLW  03
0167:  RETLW  06
0168:  RETLW  04
0169:  RETLW  0A
016A:  RETLW  0A
016B:  RETLW  0B
016C:  RETLW  0B
016D:  RETLW  0B
016E:  RETLW  0C
016F:  RETLW  0C
0170:  BSF    0A.0
0171:  BCF    0A.1
0172:  BCF    0A.2
0173:  ADDWF  02,F
0174:  RETLW  04
0175:  RETLW  05
0176:  RETLW  04
0177:  RETLW  05
0178:  RETLW  03
0179:  RETLW  01
017A:  RETLW  01
017B:  RETLW  07
017C:  RETLW  05
017D:  RETLW  04
017E:  RETLW  05
017F:  RETLW  03
0180:  RETLW  01
0181:  RETLW  01
0182:  RETLW  07
0183:  RETLW  01
0184:  RETLW  01
0185:  RETLW  01
0186:  RETLW  04
0187:  RETLW  05
0188:  RETLW  06
0189:  RETLW  04
018A:  RETLW  0A
018B:  RETLW  0B
018C:  RETLW  0B
018D:  RETLW  0B
018E:  RETLW  0C
018F:  RETLW  0C
0190:  BSF    0A.0
0191:  BCF    0A.1
0192:  BCF    0A.2
0193:  ADDWF  02,F
0194:  RETLW  02
0195:  RETLW  02
0196:  RETLW  02
0197:  RETLW  02
0198:  RETLW  03
0199:  RETLW  03
019A:  RETLW  02
019B:  RETLW  01
019C:  RETLW  01
019D:  RETLW  01
019E:  RETLW  01
019F:  RETLW  03
01A0:  RETLW  01
01A1:  RETLW  04
01A2:  RETLW  06
01A3:  RETLW  02
01A4:  RETLW  02
01A5:  RETLW  05
01A6:  RETLW  02
01A7:  RETLW  02
01A8:  RETLW  02
01A9:  RETLW  02
01AA:  RETLW  04
01AB:  RETLW  02
01AC:  RETLW  05
01AD:  RETLW  02
01AE:  RETLW  01
01AF:  RETLW  01
01B0:  RETLW  01
01B1:  RETLW  01
01B2:  RETLW  01
01B3:  RETLW  0B
01B4:  RETLW  0B
01B5:  RETLW  0B
01B6:  RETLW  0C
01B7:  RETLW  0C
01B8:  BSF    0A.0
01B9:  BCF    0A.1
01BA:  BCF    0A.2
01BB:  ADDWF  02,F
01BC:  RETLW  02
01BD:  RETLW  02
01BE:  RETLW  02
01BF:  RETLW  02
01C0:  RETLW  03
01C1:  RETLW  03
01C2:  RETLW  04
01C3:  RETLW  03
01C4:  RETLW  03
01C5:  RETLW  01
01C6:  RETLW  01
01C7:  RETLW  02
01C8:  RETLW  01
01C9:  RETLW  01
01CA:  RETLW  04
01CB:  RETLW  02
01CC:  RETLW  05
01CD:  RETLW  02
01CE:  RETLW  02
01CF:  RETLW  02
01D0:  RETLW  02
01D1:  RETLW  02
01D2:  RETLW  03
01D3:  RETLW  01
01D4:  RETLW  02
01D5:  RETLW  03
01D6:  RETLW  02
01D7:  RETLW  02
01D8:  RETLW  01
01D9:  RETLW  0A
01DA:  RETLW  0A
01DB:  RETLW  0A
01DC:  RETLW  0A
01DD:  RETLW  0A
01DE:  RETLW  0A
01DF:  RETLW  0B
01E0:  RETLW  0B
01E1:  RETLW  0B
01E2:  RETLW  0C
01E3:  RETLW  0C
01E4:  BSF    0A.0
01E5:  BCF    0A.1
01E6:  BCF    0A.2
01E7:  ADDLW  EB
01E8:  BTFSC  03.0
01E9:  INCF   0A,F
01EA:  MOVWF  02
01EB:  RETLW  02
01EC:  RETLW  02
01ED:  RETLW  02
01EE:  RETLW  02
01EF:  RETLW  03
01F0:  RETLW  06
01F1:  RETLW  03
01F2:  RETLW  01
01F3:  RETLW  01
01F4:  RETLW  01
01F5:  RETLW  02
01F6:  RETLW  01
01F7:  RETLW  01
01F8:  RETLW  03
01F9:  RETLW  01
01FA:  RETLW  02
01FB:  RETLW  05
01FC:  RETLW  02
01FD:  RETLW  02
01FE:  RETLW  02
01FF:  RETLW  02
0200:  RETLW  02
0201:  RETLW  02
0202:  RETLW  02
0203:  RETLW  03
0204:  RETLW  02
0205:  RETLW  01
0206:  RETLW  02
0207:  RETLW  03
0208:  RETLW  01
0209:  RETLW  01
020A:  RETLW  0A
020B:  RETLW  0A
020C:  RETLW  0A
020D:  RETLW  0A
020E:  RETLW  0B
020F:  RETLW  0B
0210:  RETLW  0B
0211:  RETLW  0C
0212:  RETLW  0C
0213:  BCF    0A.0
0214:  BSF    0A.1
0215:  BCF    0A.2
0216:  ADDWF  02,F
0217:  RETLW  02
0218:  RETLW  02
0219:  RETLW  02
021A:  RETLW  02
021B:  RETLW  03
021C:  RETLW  03
021D:  RETLW  02
021E:  RETLW  01
021F:  RETLW  01
0220:  RETLW  03
0221:  RETLW  01
0222:  RETLW  02
0223:  RETLW  01
0224:  RETLW  07
0225:  RETLW  05
0226:  RETLW  02
0227:  RETLW  02
0228:  RETLW  02
0229:  RETLW  02
022A:  RETLW  02
022B:  RETLW  02
022C:  RETLW  02
022D:  RETLW  01
022E:  RETLW  05
022F:  RETLW  02
0230:  RETLW  02
0231:  RETLW  04
0232:  RETLW  01
0233:  RETLW  01
0234:  RETLW  01
0235:  RETLW  0A
0236:  RETLW  0A
0237:  RETLW  0B
0238:  RETLW  0B
0239:  RETLW  0B
023A:  RETLW  0C
023B:  RETLW  0C
023C:  BCF    0A.0
023D:  BSF    0A.1
023E:  BCF    0A.2
023F:  ADDWF  02,F
0240:  RETLW  06
0241:  RETLW  01
0242:  RETLW  07
0243:  RETLW  03
0244:  RETLW  02
0245:  RETLW  03
0246:  RETLW  07
0247:  RETLW  07
0248:  RETLW  05
0249:  RETLW  06
024A:  RETLW  01
024B:  RETLW  07
024C:  RETLW  03
024D:  RETLW  02
024E:  RETLW  03
024F:  RETLW  07
0250:  RETLW  07
0251:  RETLW  05
0252:  RETLW  0A
0253:  RETLW  0A
0254:  RETLW  0B
0255:  RETLW  0B
0256:  RETLW  0C
0257:  RETLW  0C
0258:  BCF    0A.0
0259:  BSF    0A.1
025A:  BCF    0A.2
025B:  ADDWF  02,F
025C:  RETLW  05
025D:  RETLW  01
025E:  RETLW  01
025F:  RETLW  05
0260:  RETLW  03
0261:  RETLW  04
0262:  RETLW  03
0263:  RETLW  03
0264:  RETLW  01
0265:  RETLW  01
0266:  RETLW  01
0267:  RETLW  03
0268:  RETLW  06
0269:  RETLW  05
026A:  RETLW  01
026B:  RETLW  01
026C:  RETLW  05
026D:  RETLW  03
026E:  RETLW  04
026F:  RETLW  03
0270:  RETLW  03
0271:  RETLW  01
0272:  RETLW  01
0273:  RETLW  01
0274:  RETLW  03
0275:  RETLW  06
0276:  RETLW  0A
0277:  RETLW  0A
0278:  RETLW  0B
0279:  RETLW  0B
027A:  RETLW  0C
027B:  RETLW  0C
027C:  BCF    0A.0
027D:  BSF    0A.1
027E:  BCF    0A.2
027F:  ADDWF  02,F
0280:  RETLW  04
0281:  RETLW  05
0282:  RETLW  01
0283:  RETLW  01
0284:  RETLW  03
0285:  RETLW  06
0286:  RETLW  03
0287:  RETLW  01
0288:  RETLW  01
0289:  RETLW  03
028A:  RETLW  01
028B:  RETLW  01
028C:  RETLW  07
028D:  RETLW  04
028E:  RETLW  05
028F:  RETLW  01
0290:  RETLW  01
0291:  RETLW  03
0292:  RETLW  06
0293:  RETLW  03
0294:  RETLW  01
0295:  RETLW  01
0296:  RETLW  03
0297:  RETLW  01
0298:  RETLW  01
0299:  RETLW  07
029A:  RETLW  0A
029B:  RETLW  0A
029C:  RETLW  0B
029D:  RETLW  0B
029E:  RETLW  0C
029F:  RETLW  0C
02A0:  BCF    0A.0
02A1:  BSF    0A.1
02A2:  BCF    0A.2
02A3:  ADDWF  02,F
02A4:  RETLW  03
02A5:  RETLW  07
02A6:  RETLW  01
02A7:  RETLW  03
02A8:  RETLW  08
02A9:  RETLW  03
02AA:  RETLW  09
02AB:  RETLW  08
02AC:  RETLW  03
02AD:  RETLW  07
02AE:  RETLW  01
02AF:  RETLW  03
02B0:  RETLW  08
02B1:  RETLW  03
02B2:  RETLW  09
02B3:  RETLW  08
02B4:  RETLW  0A
02B5:  RETLW  0A
02B6:  RETLW  0B
02B7:  RETLW  0B
02B8:  RETLW  0C
02B9:  RETLW  0C
02BA:  BCF    0A.0
02BB:  BSF    0A.1
02BC:  BCF    0A.2
02BD:  ADDWF  02,F
02BE:  RETLW  3F
02BF:  RETLW  06
02C0:  RETLW  5B
02C1:  RETLW  4F
02C2:  RETLW  66
02C3:  RETLW  6D
02C4:  RETLW  7D
02C5:  RETLW  07
02C6:  RETLW  7F
02C7:  RETLW  6F
02C8:  RETLW  08
02C9:  RETLW  48
02CA:  RETLW  49
*
03F5:  CLRF   77
03F6:  CLRF   78
03F7:  MOVF   52,W
03F8:  BCF    03.0
03F9:  BTFSC  53.0
03FA:  ADDWF  77,F
03FB:  RRF    77,F
03FC:  RRF    78,F
03FD:  BTFSC  53.1
03FE:  ADDWF  77,F
03FF:  RRF    77,F
0400:  RRF    78,F
0401:  BTFSC  53.2
0402:  ADDWF  77,F
0403:  RRF    77,F
0404:  RRF    78,F
0405:  BTFSC  53.3
0406:  ADDWF  77,F
0407:  RRF    77,F
0408:  RRF    78,F
0409:  BTFSC  53.4
040A:  ADDWF  77,F
040B:  RRF    77,F
040C:  RRF    78,F
040D:  BTFSC  53.5
040E:  ADDWF  77,F
040F:  RRF    77,F
0410:  RRF    78,F
0411:  BTFSC  53.6
0412:  ADDWF  77,F
0413:  RRF    77,F
0414:  RRF    78,F
0415:  BTFSC  53.7
0416:  ADDWF  77,F
0417:  RRF    77,F
0418:  RRF    78,F
0419:  RETURN
041A:  CLRF   78
041B:  CLRF   79
041C:  CLRF   77
041D:  CLRF   7A
041E:  MOVF   55,W
041F:  BTFSS  03.2
0420:  GOTO   424
0421:  MOVF   54,W
0422:  BTFSC  03.2
0423:  GOTO   43E
0424:  MOVLW  10
0425:  MOVWF  56
0426:  BCF    03.0
0427:  RLF    52,F
0428:  RLF    53,F
0429:  RLF    77,F
042A:  RLF    7A,F
042B:  MOVF   55,W
042C:  SUBWF  7A,W
042D:  BTFSS  03.2
042E:  GOTO   431
042F:  MOVF   54,W
0430:  SUBWF  77,W
0431:  BTFSS  03.0
0432:  GOTO   43A
0433:  MOVF   54,W
0434:  SUBWF  77,F
0435:  BTFSS  03.0
0436:  DECF   7A,F
0437:  MOVF   55,W
0438:  SUBWF  7A,F
0439:  BSF    03.0
043A:  RLF    78,F
043B:  RLF    79,F
043C:  DECFSZ 56,F
043D:  GOTO   426
043E:  RETURN
*
04DF:  MOVLW  10
04E0:  MOVWF  56
04E1:  CLRF   77
04E2:  CLRF   7A
04E3:  RRF    53,F
04E4:  RRF    52,F
04E5:  BTFSS  03.0
04E6:  GOTO   4ED
04E7:  MOVF   54,W
04E8:  ADDWF  77,F
04E9:  BTFSC  03.0
04EA:  INCF   7A,F
04EB:  MOVF   55,W
04EC:  ADDWF  7A,F
04ED:  RRF    7A,F
04EE:  RRF    77,F
04EF:  RRF    79,F
04F0:  RRF    78,F
04F1:  DECFSZ 56,F
04F2:  GOTO   4E3
04F3:  BSF    0A.3
04F4:  BCF    0A.4
04F5:  GOTO   215 (RETURN)
*
05F6:  MOVLW  8E
05F7:  MOVWF  77
05F8:  MOVF   4F,W
05F9:  MOVWF  78
05FA:  MOVF   4E,W
05FB:  MOVWF  79
05FC:  CLRF   7A
05FD:  MOVF   78,F
05FE:  BTFSS  03.2
05FF:  GOTO   60A
0600:  MOVF   79,W
0601:  MOVWF  78
0602:  CLRF   79
0603:  MOVLW  08
0604:  SUBWF  77,F
0605:  MOVF   78,F
0606:  BTFSS  03.2
0607:  GOTO   60A
0608:  CLRF   77
0609:  GOTO   612
060A:  BCF    03.0
060B:  BTFSC  78.7
060C:  GOTO   611
060D:  RLF    79,F
060E:  RLF    78,F
060F:  DECF   77,F
0610:  GOTO   60A
0611:  BCF    78.7
0612:  RETURN
0613:  MOVF   4E,W
0614:  BTFSC  03.2
0615:  GOTO   683
0616:  MOVWF  56
0617:  MOVF   52,W
0618:  BTFSC  03.2
0619:  GOTO   683
061A:  ADDWF  56,F
061B:  BTFSC  03.0
061C:  GOTO   624
061D:  MOVLW  7F
061E:  SUBWF  56,F
061F:  BTFSS  03.0
0620:  GOTO   683
0621:  BTFSC  03.2
0622:  GOTO   683
0623:  GOTO   628
0624:  MOVLW  81
0625:  ADDWF  56,F
0626:  BTFSC  03.0
0627:  GOTO   683
0628:  MOVF   56,W
0629:  MOVWF  77
062A:  CLRF   78
062B:  CLRF   79
062C:  CLRF   7A
062D:  MOVF   4F,W
062E:  MOVWF  5A
062F:  BSF    5A.7
0630:  MOVF   50,W
0631:  MOVWF  59
0632:  MOVF   51,W
0633:  MOVWF  58
0634:  MOVLW  18
0635:  MOVWF  56
0636:  CLRF   57
0637:  BTFSS  58.0
0638:  GOTO   651
0639:  MOVF   55,W
063A:  ADDWF  7A,F
063B:  BTFSS  03.0
063C:  GOTO   643
063D:  INCF   79,F
063E:  BTFSS  03.2
063F:  GOTO   643
0640:  INCF   78,F
0641:  BTFSC  03.2
0642:  BSF    57.7
0643:  MOVF   54,W
0644:  ADDWF  79,F
0645:  BTFSS  03.0
0646:  GOTO   64A
0647:  INCF   78,F
0648:  BTFSC  03.2
0649:  BSF    57.7
064A:  MOVF   53,W
064B:  MOVWF  50
064C:  BSF    50.7
064D:  MOVF   50,W
064E:  ADDWF  78,F
064F:  BTFSC  03.0
0650:  BSF    57.7
0651:  RLF    57,F
0652:  RRF    78,F
0653:  RRF    79,F
0654:  RRF    7A,F
0655:  RRF    5A,F
0656:  RRF    59,F
0657:  RRF    58,F
0658:  BCF    03.0
0659:  DECFSZ 56,F
065A:  GOTO   636
065B:  MOVLW  01
065C:  ADDWF  77,F
065D:  BTFSC  03.0
065E:  GOTO   683
065F:  BTFSC  78.7
0660:  GOTO   668
0661:  RLF    5A,F
0662:  RLF    7A,F
0663:  RLF    79,F
0664:  RLF    78,F
0665:  DECF   77,F
0666:  BTFSC  03.2
0667:  GOTO   683
0668:  BTFSS  5A.7
0669:  GOTO   679
066A:  INCF   7A,F
066B:  BTFSS  03.2
066C:  GOTO   679
066D:  INCF   79,F
066E:  BTFSS  03.2
066F:  GOTO   679
0670:  INCF   78,F
0671:  BTFSS  03.2
0672:  GOTO   679
0673:  RRF    78,F
0674:  RRF    79,F
0675:  RRF    7A,F
0676:  INCF   77,F
0677:  BTFSC  03.2
0678:  GOTO   683
0679:  MOVF   4F,W
067A:  MOVWF  57
067B:  MOVF   53,W
067C:  XORWF  57,F
067D:  BTFSS  57.7
067E:  GOTO   681
067F:  BSF    78.7
0680:  GOTO   687
0681:  BCF    78.7
0682:  GOTO   687
0683:  CLRF   77
0684:  CLRF   78
0685:  CLRF   79
0686:  CLRF   7A
0687:  RETURN
0688:  MOVLW  8E
0689:  MOVWF  77
068A:  MOVF   4E,W
068B:  SUBWF  77,F
068C:  MOVF   4F,W
068D:  MOVWF  79
068E:  MOVF   50,W
068F:  MOVWF  78
0690:  BSF    79.7
0691:  MOVF   77,F
0692:  BTFSC  03.2
0693:  GOTO   69F
0694:  BCF    03.0
0695:  MOVF   79,F
0696:  BTFSS  03.2
0697:  GOTO   69B
0698:  MOVF   78,F
0699:  BTFSC  03.2
069A:  GOTO   69F
069B:  RRF    79,F
069C:  RRF    78,F
069D:  DECFSZ 77,F
069E:  GOTO   694
069F:  BTFSS  4F.7
06A0:  GOTO   6A6
06A1:  COMF   78,F
06A2:  COMF   79,F
06A3:  INCF   78,F
06A4:  BTFSC  03.2
06A5:  INCF   79,F
06A6:  RETURN
....................  
.................... #list 
....................  
....................  
.................... #FUSES PUT                      //Power Up Timer 
.................... #FUSES BROWNOUT                 //Reset when brownout detected 
.................... #FUSES NOLVP                    //No low voltage prgming, B3(PIC16) or B5(PIC18) used for I/O 
.................... #FUSES NOCPD                    //No EE protection 
.................... #FUSES WRT_1000                 //Program Memory Write Protected from 0 to 0x0FFF 
.................... #FUSES NOPROTECT                //Code not protected from reading 
....................  
.................... #use FIXED_IO(D_outputs=PIN_D7,PIN_D6,PIN_D5,PIN_D4,PIN_D3,PIN_D2,PIN_D1,PIN_D0) 
.................... #use FIXED_IO(A_outputs=PIN_A5) 
....................  
.................... #use delay(crystal=4MHz) 
....................  
.................... #define S1   PIN_B0 
.................... #define S2   PIN_B1 
.................... #define S3   PIN_B2 
.................... #define S4   PIN_B3 
....................  
.................... #define DU   PIN_B4 
.................... #define DD   PIN_B5 
.................... #define DC   PIN_B6 
.................... #define DM   PIN_B7 
....................  
.................... #define BUZZER   PIN_A5 
....................  
....................  
.................... #define contde 200 
....................  
.................... int16 V_INTERVALO_INCREMENTO = 1000; 
.................... int16 contador = 0; 
.................... int8 unidade, dezena, centena, milhar; 
....................  
.................... int8 fase = 0; 
.................... int8 inicio; 
.................... int16 velocidade; 
.................... int1 unidade_ativo = 0, dezena_ativo = 0, centena_ativo = 0, milhar_ativo = 0; 
.................... int1 unidade_ativode = 0, dezena_ativode = 0, centena_ativode = 0, milhar_ativode = 0; 
.................... int1 comeca = 0; 
....................  
.................... int8 mostra_u, mostra_d, mostra_c, mostra_m; 
.................... int8 contador_u = 0, contador_d = 0, contador_c = 0, contador_m = 0; 
.................... int8 decremento_u = 0, decremento_d = 0, decremento_c = 0, decremento_m = 0; 
....................  
.................... int1 para_1 = 0, para_2 = 0, para_3 = 0; 
....................  
.................... int16 unidade_ativodecont, dezena_ativodecont, centena_ativodecont, milhar_ativodecont; 
....................  
.................... int8 contador_tela_inicial = 0; 
.................... int8 finalfase = 100; 
.................... int1 vez_contador_tela_inicial = 0; 
....................  
.................... const int8 listadisplay4[] = {0x08,0x00,0x00,0x01,0x02,0x04,0b01001000,0b01000000,0b01000000,0b01000001,0b01000010,0b01000100}; 
.................... const int8 listadisplay3[] = {0x00,0x08,0x01,0x00,0x00,0x00,0x00,0b01001000,0b01000001,0x00,0x00,0x00}; 
.................... const int8 listadisplay2[] = {0x00,0x01,0x08,0x00,0x00,0x00,0x00,0b01000001,0b01001000,0x00,0x00,0x00}; 
.................... const int8 listadisplay1[] = {0x01,0x00,0x00,0x08,0x10,0x20,0b01000001,0b01000000,0b01000000,0b01001000,0b01010000,0b01100000}; 
....................  
.................... const int8 u1 [] = {4, 3, 3, 3, 5, 5, 8, 8, 4, 3, 3, 3, 5, 5, 8, 8, 5, 10, 11, 11, 12, 12}; 
.................... const int8 d1 [] = {3,0 , 2, 6, 4, 2, 2, 3, 2, 1, 1, 4, 2, 5,0, 2, 6, 4, 2, 2, 3, 2, 1, 1, 4, 2, 5, 10, 10, 10, 11, 11, 12, 12}; 
.................... const int8 c1 [] = {3,0 , 2, 6, 2, 5, 2, 2, 7, 5, 2, 3, 2, 6,0, 2, 5, 2, 2, 7, 5, 2, 1, 10, 10, 10, 10, 10, 11, 11, 12, 12}; 
.................... const int8 m1 [] = {2, 1, 1, 1, 9, 5, 3, 3, 2, 4, 8, 1, 1, 1, 9, 5, 3, 3, 2, 4, 8, 10, 10, 10, 10, 11, 11, 12, 12}; 
....................  
.................... const int8 u2[] = {1, 5, 2, 1, 5, 2, 1, 2, 1, 1, 1,1, 5, 2, 1, 5, 2, 1, 2, 1, 1, 1, 1, 8, 7,6,4, 10, 10, 10, 10, 11, 11, 11, 12, 12}; 
.................... const int8 d2[] = {2, 3, 2, 1, 1, 3, 2, 1, 2, 1, 1, 1, 3, 3, 2, 1, 1, 2, 2, 1, 2, 1, 1, 1, 3,8, 6, 1,6,4, 10, 10, 10, 11, 11, 11, 12, 12}; 
.................... const int8 c2[] = {3, 1, 3, 1, 2, 1, 3, 1, 3, 1, 7,1, 3, 1, 2, 1, 3, 1, 3, 1, 7, 1, 1, 2, 5, 3,6,4, 10, 10, 11, 11, 11, 12, 12}; 
.................... const int8 m2[] = {4, 5, 4, 5, 3, 1, 1, 7, 5, 4, 5, 3, 1, 1, 7, 1, 1, 1, 4, 5,6,4, 10, 11, 11, 11, 12, 12}; 
....................  
.................... const int8 u3[] = {2, 2, 2, 2, 3, 3, 2, 1, 1, 1, 1, 3, 1, 4, 6, 2, 2, 5, 2, 2, 2, 2, 4, 2, 5, 2, 1, 1, 1, 1, 1, 11, 11, 11, 12, 12}; 
.................... const int8 d3[] = {2, 2, 2, 2, 3, 3, 4, 3, 3, 1, 1, 2, 1, 1, 4, 2, 5, 2, 2, 2, 2, 2, 3, 1, 2, 3, 2, 2, 1, 10, 10, 10, 10, 10, 10, 11, 11, 11, 12, 12}; 
.................... const int8 c3[] = {2, 2, 2, 2, 3, 6, 3, 1, 1, 1, 2, 1, 1, 3, 1, 2, 5, 2, 2, 2, 2, 2, 2, 2, 3, 2, 1, 2, 3, 1, 1, 10, 10, 10, 10, 11, 11, 11, 12, 12}; 
.................... const int8 m3[] = {2, 2, 2, 2, 3, 3, 2, 1, 1, 3, 1, 2, 1, 7, 5, 2, 2, 2, 2, 2, 2, 2, 1, 5, 2, 2, 4, 1, 1, 1, 10, 10, 11, 11, 11, 12, 12}; 
....................  
.................... const int8 u4[] = {6, 1, 7, 3, 2, 3, 7, 7, 5,6, 1, 7, 3, 2, 3, 7, 7, 5, 10, 10, 11, 11, 12, 12}; 
.................... const int8 d4[] = {5, 1, 1, 5, 3, 4, 3, 3, 1, 1, 1, 3, 6,5, 1, 1, 5, 3, 4, 3, 3, 1, 1, 1, 3, 6, 10, 10, 11, 11, 12, 12}; 
.................... const int8 c4[] = {4, 5, 1, 1, 3, 6, 3, 1, 1, 3, 1, 1, 7,4, 5, 1, 1, 3, 6, 3, 1, 1, 3, 1, 1, 7, 10, 10, 11, 11, 12, 12}; 
.................... const int8 m4[] = {3, 7, 1, 3, 8, 3, 9, 8, 3, 7, 1, 3, 8, 3, 9, 8,10, 10, 11, 11, 12, 12}; 
....................  
.................... const int8 display_numbers[] = {0x3F, 0x06, 0x5B, 0x4F, 0x66, 0x6D, 0x7D, 0x07, 0x7F, 0x6F, 0b00001000,0b01001000,0b01001001}; 
....................  
.................... int1 pasou_fase_1 = 0; 
.................... int1 pasou_fase_2 = 0; 
.................... int1 pasou_fase_3 = 0; 
.................... int1 pasou_fase_4 = 0; 
....................  
.................... int16 contador_ms = 0; 
....................  
.................... void verificaerro0(); 
.................... void verificaerro9(); 
....................  
.................... void tela_inicial(); 
....................  
.................... void escolha_de_fase(); 
....................  
.................... void fase1(); 
.................... void fase4(); 
.................... void fase3(); 
.................... void fase2(); 
....................  
.................... void falha(); 
....................  
.................... void delay(int8 n); 
.................... void verificabotao(); 
.................... void atualiza_display(); 
....................  
.................... void lista_u(); 
.................... void lista_d(); 
.................... void lista_c(); 
.................... void lista_m(); 
.................... void testalista(); 
....................  
.................... void chama(); 
....................  
.................... #INT_TIMER0 
.................... void TIMER0_isr(void) { 
....................    set_timer0(get_timer0() + 131); // Ajuste do temporizador para 1ms 
*
02CB:  MOVF   01,W
02CC:  ADDLW  83
02CD:  MOVWF  5B
02CE:  MOVF   5B,W
02CF:  MOVWF  01
....................  
....................    contador_ms++; // Incrementa o contador de milissegundos 
02D0:  INCF   4C,F
02D1:  BTFSC  03.2
02D2:  INCF   4D,F
....................  
....................    if (contador_ms >= V_INTERVALO_INCREMENTO) { // Se atingir o intervalo de 1 segundo 
02D3:  MOVF   28,W
02D4:  SUBWF  4D,W
02D5:  BTFSS  03.0
02D6:  GOTO   3F1
02D7:  BTFSS  03.2
02D8:  GOTO   2DD
02D9:  MOVF   27,W
02DA:  SUBWF  4C,W
02DB:  BTFSS  03.0
02DC:  GOTO   3F1
....................       contador_ms = 0; // Reseta o contador de milissegundos 
02DD:  CLRF   4D
02DE:  CLRF   4C
....................  
....................       para_3 = 0; 
02DF:  BCF    34.3
....................  
....................       contador_tela_inicial++; 
02E0:  INCF   49,F
....................  
....................       if (inicio) { 
02E1:  MOVF   30,F
02E2:  BTFSC  03.2
02E3:  GOTO   2ED
....................          inicio--; 
02E4:  DECF   30,F
....................          decremento_u = 0; 
02E5:  CLRF   3D
....................          contador_u = 0; 
02E6:  CLRF   39
....................          decremento_d = 0; 
02E7:  CLRF   3E
....................          contador_d = 0; 
02E8:  CLRF   3A
....................          decremento_c = 0; 
02E9:  CLRF   3F
....................          contador_c = 0; 
02EA:  CLRF   3B
....................          decremento_m = 0; 
02EB:  CLRF   40
....................          contador_m = 0; 
02EC:  CLRF   3C
....................       } 
....................  
....................       if (fase && comeca) { 
02ED:  MOVF   2F,F
02EE:  BTFSC  03.2
02EF:  GOTO   321
02F0:  BTFSS  34.0
02F1:  GOTO   321
....................          contador++; 
02F2:  INCF   29,F
02F3:  BTFSC  03.2
02F4:  INCF   2A,F
....................          verificaerro9(); 
....................          verificaerro0(); 
....................          unidade_ativo = 0; 
*
031D:  BCF    33.0
....................          dezena_ativo = 0; 
031E:  BCF    33.1
....................          centena_ativo = 0; 
031F:  BCF    33.2
....................          milhar_ativo = 0; 
0320:  BCF    33.3
....................       } 
....................  
....................       if (contador_tela_inicial > 5) { // Se o contador atingir 0, reseta para 9999 
0321:  MOVF   49,W
0322:  SUBLW  05
0323:  BTFSS  03.0
....................          contador_tela_inicial = 0; 
0324:  CLRF   49
....................       } 
....................       testalista(); 
....................  
....................    } 
*
03F1:  BCF    0B.2
03F2:  BCF    0A.3
03F3:  BCF    0A.4
03F4:  GOTO   01B
.................... } 
.................... void main() { 
*
0978:  MOVF   03,W
0979:  ANDLW  1F
097A:  MOVWF  03
097B:  MOVLW  03
097C:  MOVWF  28
097D:  MOVLW  E8
097E:  MOVWF  27
097F:  CLRF   2A
0980:  CLRF   29
0981:  CLRF   2F
0982:  BCF    33.0
0983:  BCF    33.1
0984:  BCF    33.2
0985:  BCF    33.3
0986:  BCF    33.4
0987:  BCF    33.5
0988:  BCF    33.6
0989:  BCF    33.7
098A:  BCF    34.0
098B:  CLRF   39
098C:  CLRF   3A
098D:  CLRF   3B
098E:  CLRF   3C
098F:  CLRF   3D
0990:  CLRF   3E
0991:  CLRF   3F
0992:  CLRF   40
0993:  BCF    34.1
0994:  BCF    34.2
0995:  BCF    34.3
0996:  CLRF   49
0997:  MOVLW  64
0998:  MOVWF  4A
0999:  BCF    34.4
099A:  BCF    34.5
099B:  BCF    34.6
099C:  BCF    34.7
099D:  BCF    4B.0
099E:  CLRF   4D
099F:  CLRF   4C
09A0:  BSF    03.5
09A1:  BSF    1F.0
09A2:  BSF    1F.1
09A3:  BSF    1F.2
09A4:  BCF    1F.3
09A5:  MOVLW  07
09A6:  MOVWF  1C
09A7:  BCF    03.7
....................    setup_timer_0(RTCC_INTERNAL | RTCC_DIV_8 | RTCC_8_BIT); // 1ms overflow 
09A8:  MOVF   01,W
09A9:  ANDLW  C0
09AA:  IORLW  02
09AB:  MOVWF  01
....................    enable_interrupts(INT_TIMER0); 
09AC:  BCF    03.5
09AD:  BSF    0B.5
....................    enable_interrupts(GLOBAL); // Habilita interrupções globais 
09AE:  MOVLW  C0
09AF:  IORWF  0B,F
....................  
....................    output_d(0); 
09B0:  BSF    03.5
09B1:  CLRF   08
09B2:  BCF    03.5
09B3:  CLRF   08
....................  
....................    fase = 0; 
09B4:  CLRF   2F
....................    unidade_ativodecont = contde; 
09B5:  CLRF   42
09B6:  MOVLW  C8
09B7:  MOVWF  41
....................    dezena_ativodecont = contde; 
09B8:  CLRF   44
09B9:  MOVWF  43
....................    centena_ativodecont = contde; 
09BA:  CLRF   46
09BB:  MOVWF  45
....................    milhar_ativodecont = contde; 
09BC:  CLRF   48
09BD:  MOVWF  47
....................  
....................    while (TRUE) { 
....................  
....................       if (!fase) { 
09BE:  MOVF   2F,F
09BF:  BTFSS  03.2
09C0:  GOTO   2F8
....................          V_INTERVALO_INCREMENTO = V_INTERVALO_INCREMENTO / (3 * (pasou_fase_1 + pasou_fase_2 + pasou_fase_3 + pasou_fase_4) + 5); 
09C1:  MOVLW  00
09C2:  BTFSC  34.5
09C3:  MOVLW  01
09C4:  MOVWF  4F
09C5:  MOVLW  00
09C6:  BTFSC  34.6
09C7:  MOVLW  01
09C8:  ADDWF  4F,W
09C9:  MOVWF  50
09CA:  MOVLW  00
09CB:  BTFSC  34.7
09CC:  MOVLW  01
09CD:  ADDWF  50,W
09CE:  MOVWF  51
09CF:  MOVLW  00
09D0:  BTFSC  4B.0
09D1:  MOVLW  01
09D2:  ADDWF  51,W
09D3:  MOVWF  4E
09D4:  MOVLW  03
09D5:  MOVWF  52
09D6:  MOVF   4E,W
09D7:  MOVWF  53
09D8:  BCF    0A.3
09D9:  CALL   3F5
09DA:  BSF    0A.3
09DB:  MOVLW  05
09DC:  ADDWF  78,W
09DD:  MOVWF  4E
09DE:  MOVF   28,W
09DF:  MOVWF  53
09E0:  MOVF   27,W
09E1:  MOVWF  52
09E2:  CLRF   55
09E3:  MOVF   4E,W
09E4:  MOVWF  54
09E5:  BCF    0A.3
09E6:  CALL   41A
09E7:  BSF    0A.3
09E8:  MOVF   79,W
09E9:  MOVWF  28
09EA:  MOVF   78,W
09EB:  MOVWF  27
....................          tela_inicial(); 
09EC:  BCF    0A.3
09ED:  GOTO   447
09EE:  BSF    0A.3
....................          V_INTERVALO_INCREMENTO = V_INTERVALO_INCREMENTO * (3 * (pasou_fase_1 + pasou_fase_2 + pasou_fase_3 + pasou_fase_4) + 5); 
09EF:  MOVLW  00
09F0:  BTFSC  34.5
09F1:  MOVLW  01
09F2:  MOVWF  4F
09F3:  MOVLW  00
09F4:  BTFSC  34.6
09F5:  MOVLW  01
09F6:  ADDWF  4F,W
09F7:  MOVWF  50
09F8:  MOVLW  00
09F9:  BTFSC  34.7
09FA:  MOVLW  01
09FB:  ADDWF  50,W
09FC:  MOVWF  51
09FD:  MOVLW  00
09FE:  BTFSC  4B.0
09FF:  MOVLW  01
0A00:  ADDWF  51,W
0A01:  MOVWF  4E
0A02:  MOVLW  03
0A03:  MOVWF  52
0A04:  MOVF   4E,W
0A05:  MOVWF  53
0A06:  BCF    0A.3
0A07:  CALL   3F5
0A08:  BSF    0A.3
0A09:  MOVLW  05
0A0A:  ADDWF  78,W
0A0B:  MOVWF  4E
0A0C:  MOVF   28,W
0A0D:  MOVWF  53
0A0E:  MOVF   27,W
0A0F:  MOVWF  52
0A10:  CLRF   55
0A11:  MOVF   4E,W
0A12:  MOVWF  54
0A13:  BCF    0A.3
0A14:  GOTO   4DF
0A15:  BSF    0A.3
0A16:  MOVF   79,W
0A17:  MOVWF  28
0A18:  MOVF   78,W
0A19:  MOVWF  27
....................          escolha_de_fase(); 
0A1A:  BCF    0A.3
0A1B:  GOTO   543
0A1C:  BSF    0A.3
....................  
....................          if (fase == 1) { 
0A1D:  DECFSZ 2F,W
0A1E:  GOTO   249
....................             contador = 0; 
0A1F:  CLRF   2A
0A20:  CLRF   29
....................             comeca = 1; 
0A21:  BSF    34.0
....................             velocidade = V_INTERVALO_INCREMENTO; 
0A22:  MOVF   28,W
0A23:  MOVWF  32
0A24:  MOVF   27,W
0A25:  MOVWF  31
....................             para_1 = 0; 
0A26:  BCF    34.1
....................             para_2 = 0; 
0A27:  BCF    34.2
....................             while (fase) { 
0A28:  MOVF   2F,F
0A29:  BTFSC  03.2
0A2A:  GOTO   22F
....................                fase1(); 
0A2B:  BCF    0A.3
0A2C:  GOTO   6A7
0A2D:  BSF    0A.3
0A2E:  GOTO   228
....................             } 
....................             comeca = 0; 
0A2F:  BCF    34.0
....................  
....................             if (contador < finalfase) { 
0A30:  MOVF   2A,F
0A31:  BTFSS  03.2
0A32:  GOTO   23C
0A33:  MOVF   4A,W
0A34:  SUBWF  29,W
0A35:  BTFSC  03.0
0A36:  GOTO   23C
....................                falha(); 
0A37:  BCF    0A.3
0A38:  CALL   70F
0A39:  BSF    0A.3
....................                contador = 0; 
0A3A:  CLRF   2A
0A3B:  CLRF   29
....................             } 
....................  
....................             if (contador >= finalfase + 4) 
0A3C:  MOVLW  04
0A3D:  ADDWF  4A,W
0A3E:  MOVF   2A,F
0A3F:  BTFSS  03.2
0A40:  GOTO   243
0A41:  SUBWF  29,W
0A42:  BTFSC  03.0
....................                pasou_fase_1 = 1; 
0A43:  BSF    34.5
....................  
....................             V_INTERVALO_INCREMENTO = velocidade; 
0A44:  MOVF   32,W
0A45:  MOVWF  28
0A46:  MOVF   31,W
0A47:  MOVWF  27
....................             fase = 0; 
0A48:  CLRF   2F
....................  
....................          } 
....................  
....................          if (fase == 2) { 
0A49:  MOVF   2F,W
0A4A:  SUBLW  02
0A4B:  BTFSS  03.2
0A4C:  GOTO   275
....................             contador = 0; 
0A4D:  CLRF   2A
0A4E:  CLRF   29
....................             comeca = 1; 
0A4F:  BSF    34.0
....................             velocidade = V_INTERVALO_INCREMENTO; 
0A50:  MOVF   28,W
0A51:  MOVWF  32
0A52:  MOVF   27,W
0A53:  MOVWF  31
....................             para_1 = 0; 
0A54:  BCF    34.1
....................             para_2 = 0; 
0A55:  BCF    34.2
....................             while (fase) { 
0A56:  MOVF   2F,F
0A57:  BTFSC  03.2
0A58:  GOTO   25B
....................                fase2(); 
0A59:  GOTO   000
0A5A:  GOTO   256
....................             } 
....................             comeca = 0; 
0A5B:  BCF    34.0
....................  
....................             if (contador < finalfase) { 
0A5C:  MOVF   2A,F
0A5D:  BTFSS  03.2
0A5E:  GOTO   268
0A5F:  MOVF   4A,W
0A60:  SUBWF  29,W
0A61:  BTFSC  03.0
0A62:  GOTO   268
....................                falha(); 
0A63:  BCF    0A.3
0A64:  CALL   70F
0A65:  BSF    0A.3
....................                contador = 0; 
0A66:  CLRF   2A
0A67:  CLRF   29
....................             } 
....................             if (contador >= finalfase + 4) 
0A68:  MOVLW  04
0A69:  ADDWF  4A,W
0A6A:  MOVF   2A,F
0A6B:  BTFSS  03.2
0A6C:  GOTO   26F
0A6D:  SUBWF  29,W
0A6E:  BTFSC  03.0
....................                pasou_fase_2 = 1; 
0A6F:  BSF    34.6
....................  
....................             V_INTERVALO_INCREMENTO = velocidade; 
0A70:  MOVF   32,W
0A71:  MOVWF  28
0A72:  MOVF   31,W
0A73:  MOVWF  27
....................             fase = 0; 
0A74:  CLRF   2F
....................          } 
....................  
....................          if (fase == 3) { 
0A75:  MOVF   2F,W
0A76:  SUBLW  03
0A77:  BTFSS  03.2
0A78:  GOTO   2A1
....................             contador = 0; 
0A79:  CLRF   2A
0A7A:  CLRF   29
....................             comeca = 1; 
0A7B:  BSF    34.0
....................             velocidade = V_INTERVALO_INCREMENTO; 
0A7C:  MOVF   28,W
0A7D:  MOVWF  32
0A7E:  MOVF   27,W
0A7F:  MOVWF  31
....................             para_1 = 0; 
0A80:  BCF    34.1
....................             para_2 = 0; 
0A81:  BCF    34.2
....................             while (fase) { 
0A82:  MOVF   2F,F
0A83:  BTFSC  03.2
0A84:  GOTO   287
....................                fase3(); 
0A85:  GOTO   0EC
0A86:  GOTO   282
....................             } 
....................             comeca = 0; 
0A87:  BCF    34.0
....................  
....................             if (contador < finalfase) { 
0A88:  MOVF   2A,F
0A89:  BTFSS  03.2
0A8A:  GOTO   294
0A8B:  MOVF   4A,W
0A8C:  SUBWF  29,W
0A8D:  BTFSC  03.0
0A8E:  GOTO   294
....................                falha(); 
0A8F:  BCF    0A.3
0A90:  CALL   70F
0A91:  BSF    0A.3
....................                contador = 0; 
0A92:  CLRF   2A
0A93:  CLRF   29
....................             } 
....................             if (contador >= finalfase + 4) 
0A94:  MOVLW  04
0A95:  ADDWF  4A,W
0A96:  MOVF   2A,F
0A97:  BTFSS  03.2
0A98:  GOTO   29B
0A99:  SUBWF  29,W
0A9A:  BTFSC  03.0
....................                pasou_fase_3 = 1; 
0A9B:  BSF    34.7
....................  
....................             V_INTERVALO_INCREMENTO = velocidade; 
0A9C:  MOVF   32,W
0A9D:  MOVWF  28
0A9E:  MOVF   31,W
0A9F:  MOVWF  27
....................             fase = 0; 
0AA0:  CLRF   2F
....................  
....................          } 
....................  
....................          if (fase == 4) { 
0AA1:  MOVF   2F,W
0AA2:  SUBLW  04
0AA3:  BTFSS  03.2
0AA4:  GOTO   2F8
....................             contador = 0; 
0AA5:  CLRF   2A
0AA6:  CLRF   29
....................             comeca = 1; 
0AA7:  BSF    34.0
....................             velocidade = V_INTERVALO_INCREMENTO; 
0AA8:  MOVF   28,W
0AA9:  MOVWF  32
0AAA:  MOVF   27,W
0AAB:  MOVWF  31
....................             para_1 = 0; 
0AAC:  BCF    34.1
....................             para_2 = 0; 
0AAD:  BCF    34.2
....................             V_INTERVALO_INCREMENTO = V_INTERVALO_INCREMENTO * 0.60; 
0AAE:  MOVF   28,W
0AAF:  MOVWF  4F
0AB0:  MOVF   27,W
0AB1:  MOVWF  4E
0AB2:  BCF    0A.3
0AB3:  CALL   5F6
0AB4:  BSF    0A.3
0AB5:  MOVF   7A,W
0AB6:  MOVWF  51
0AB7:  MOVF   79,W
0AB8:  MOVWF  50
0AB9:  MOVF   78,W
0ABA:  MOVWF  4F
0ABB:  MOVF   77,W
0ABC:  MOVWF  4E
0ABD:  MOVLW  9A
0ABE:  MOVWF  55
0ABF:  MOVLW  99
0AC0:  MOVWF  54
0AC1:  MOVLW  19
0AC2:  MOVWF  53
0AC3:  MOVLW  7E
0AC4:  MOVWF  52
0AC5:  BCF    0A.3
0AC6:  CALL   613
0AC7:  BSF    0A.3
0AC8:  MOVF   7A,W
0AC9:  MOVWF  51
0ACA:  MOVF   79,W
0ACB:  MOVWF  50
0ACC:  MOVF   78,W
0ACD:  MOVWF  4F
0ACE:  MOVF   77,W
0ACF:  MOVWF  4E
0AD0:  BCF    0A.3
0AD1:  CALL   688
0AD2:  BSF    0A.3
0AD3:  MOVF   79,W
0AD4:  MOVWF  28
0AD5:  MOVF   78,W
0AD6:  MOVWF  27
....................             while (fase) { 
0AD7:  MOVF   2F,F
0AD8:  BTFSC  03.2
0AD9:  GOTO   2DE
....................                fase4(); 
0ADA:  BCF    0A.3
0ADB:  GOTO   77D
0ADC:  BSF    0A.3
0ADD:  GOTO   2D7
....................             } 
....................             comeca = 0; 
0ADE:  BCF    34.0
....................  
....................             if (contador < finalfase) { 
0ADF:  MOVF   2A,F
0AE0:  BTFSS  03.2
0AE1:  GOTO   2EB
0AE2:  MOVF   4A,W
0AE3:  SUBWF  29,W
0AE4:  BTFSC  03.0
0AE5:  GOTO   2EB
....................                falha(); 
0AE6:  BCF    0A.3
0AE7:  CALL   70F
0AE8:  BSF    0A.3
....................                contador = 0; 
0AE9:  CLRF   2A
0AEA:  CLRF   29
....................             } 
....................             if (contador >= finalfase + 4) 
0AEB:  MOVLW  04
0AEC:  ADDWF  4A,W
0AED:  MOVF   2A,F
0AEE:  BTFSS  03.2
0AEF:  GOTO   2F2
0AF0:  SUBWF  29,W
0AF1:  BTFSC  03.0
....................                pasou_fase_4 = 1; 
0AF2:  BSF    4B.0
....................  
....................             V_INTERVALO_INCREMENTO = velocidade; 
0AF3:  MOVF   32,W
0AF4:  MOVWF  28
0AF5:  MOVF   31,W
0AF6:  MOVWF  27
....................             fase = 0; 
0AF7:  CLRF   2F
....................          } 
....................  
....................       } 
....................       contador = 0; 
0AF8:  CLRF   2A
0AF9:  CLRF   29
0AFA:  GOTO   1BE
....................    } 
.................... } 
....................  
0AFB:  SLEEP
.................... void fase1() { 
....................    chama(); 
*
06A7:  CALL   590
....................  
....................    atualiza_display(); // Atualiza o display 
06A8:  CALL   4F6
....................    verificabotao(); 
06A9:  CALL   599
....................  
....................    if (contador == 50 && !para_1) { 
06AA:  MOVF   29,W
06AB:  SUBLW  32
06AC:  BTFSS  03.2
06AD:  GOTO   6D7
06AE:  MOVF   2A,F
06AF:  BTFSS  03.2
06B0:  GOTO   6D7
06B1:  BTFSC  34.1
06B2:  GOTO   6D7
....................       V_INTERVALO_INCREMENTO = V_INTERVALO_INCREMENTO * 0.85; 
06B3:  MOVF   28,W
06B4:  MOVWF  4F
06B5:  MOVF   27,W
06B6:  MOVWF  4E
06B7:  CALL   5F6
06B8:  MOVF   7A,W
06B9:  MOVWF  51
06BA:  MOVF   79,W
06BB:  MOVWF  50
06BC:  MOVF   78,W
06BD:  MOVWF  4F
06BE:  MOVF   77,W
06BF:  MOVWF  4E
06C0:  MOVLW  9A
06C1:  MOVWF  55
06C2:  MOVLW  99
06C3:  MOVWF  54
06C4:  MOVLW  59
06C5:  MOVWF  53
06C6:  MOVLW  7E
06C7:  MOVWF  52
06C8:  CALL   613
06C9:  MOVF   7A,W
06CA:  MOVWF  51
06CB:  MOVF   79,W
06CC:  MOVWF  50
06CD:  MOVF   78,W
06CE:  MOVWF  4F
06CF:  MOVF   77,W
06D0:  MOVWF  4E
06D1:  CALL   688
06D2:  MOVF   79,W
06D3:  MOVWF  28
06D4:  MOVF   78,W
06D5:  MOVWF  27
....................       para_1 = 1; 
06D6:  BSF    34.1
....................    } 
....................  
....................    if (contador == 75 && !para_2) { 
06D7:  MOVF   29,W
06D8:  SUBLW  4B
06D9:  BTFSS  03.2
06DA:  GOTO   704
06DB:  MOVF   2A,F
06DC:  BTFSS  03.2
06DD:  GOTO   704
06DE:  BTFSC  34.2
06DF:  GOTO   704
....................       V_INTERVALO_INCREMENTO = V_INTERVALO_INCREMENTO * 0.85; 
06E0:  MOVF   28,W
06E1:  MOVWF  4F
06E2:  MOVF   27,W
06E3:  MOVWF  4E
06E4:  CALL   5F6
06E5:  MOVF   7A,W
06E6:  MOVWF  51
06E7:  MOVF   79,W
06E8:  MOVWF  50
06E9:  MOVF   78,W
06EA:  MOVWF  4F
06EB:  MOVF   77,W
06EC:  MOVWF  4E
06ED:  MOVLW  9A
06EE:  MOVWF  55
06EF:  MOVLW  99
06F0:  MOVWF  54
06F1:  MOVLW  59
06F2:  MOVWF  53
06F3:  MOVLW  7E
06F4:  MOVWF  52
06F5:  CALL   613
06F6:  MOVF   7A,W
06F7:  MOVWF  51
06F8:  MOVF   79,W
06F9:  MOVWF  50
06FA:  MOVF   78,W
06FB:  MOVWF  4F
06FC:  MOVF   77,W
06FD:  MOVWF  4E
06FE:  CALL   688
06FF:  MOVF   79,W
0700:  MOVWF  28
0701:  MOVF   78,W
0702:  MOVWF  27
....................       para_2 = 1; 
0703:  BSF    34.2
....................    } 
....................  
....................    if (contador == finalfase + 5) 
0704:  MOVLW  05
0705:  ADDWF  4A,W
0706:  SUBWF  29,W
0707:  BTFSS  03.2
0708:  GOTO   70C
0709:  MOVF   2A,F
070A:  BTFSC  03.2
....................       fase = 0; 
070B:  CLRF   2F
070C:  BSF    0A.3
070D:  BCF    0A.4
070E:  GOTO   22D (RETURN)
....................  
.................... } 
....................  
.................... void fase2() { 
....................    chama(); 
*
0800:  BCF    0A.3
0801:  CALL   590
0802:  BSF    0A.3
....................  
....................    atualiza_display(); // Atualiza o display 
0803:  BCF    0A.3
0804:  CALL   4F6
0805:  BSF    0A.3
....................    verificabotao(); 
0806:  BCF    0A.3
0807:  CALL   599
0808:  BSF    0A.3
....................  
....................    if (contador == 12 && !para_1) { 
0809:  MOVF   29,W
080A:  SUBLW  0C
080B:  BTFSS  03.2
080C:  GOTO   03A
080D:  MOVF   2A,F
080E:  BTFSS  03.2
080F:  GOTO   03A
0810:  BTFSC  34.1
0811:  GOTO   03A
....................       V_INTERVALO_INCREMENTO = V_INTERVALO_INCREMENTO * 0.90; 
0812:  MOVF   28,W
0813:  MOVWF  4F
0814:  MOVF   27,W
0815:  MOVWF  4E
0816:  BCF    0A.3
0817:  CALL   5F6
0818:  BSF    0A.3
0819:  MOVF   7A,W
081A:  MOVWF  51
081B:  MOVF   79,W
081C:  MOVWF  50
081D:  MOVF   78,W
081E:  MOVWF  4F
081F:  MOVF   77,W
0820:  MOVWF  4E
0821:  MOVLW  66
0822:  MOVWF  55
0823:  MOVWF  54
0824:  MOVWF  53
0825:  MOVLW  7E
0826:  MOVWF  52
0827:  BCF    0A.3
0828:  CALL   613
0829:  BSF    0A.3
082A:  MOVF   7A,W
082B:  MOVWF  51
082C:  MOVF   79,W
082D:  MOVWF  50
082E:  MOVF   78,W
082F:  MOVWF  4F
0830:  MOVF   77,W
0831:  MOVWF  4E
0832:  BCF    0A.3
0833:  CALL   688
0834:  BSF    0A.3
0835:  MOVF   79,W
0836:  MOVWF  28
0837:  MOVF   78,W
0838:  MOVWF  27
....................       para_1 = 1; 
0839:  BSF    34.1
....................    } 
....................  
....................    if (contador == 24 && !para_2) { 
083A:  MOVF   29,W
083B:  SUBLW  18
083C:  BTFSS  03.2
083D:  GOTO   049
083E:  MOVF   2A,F
083F:  BTFSS  03.2
0840:  GOTO   049
0841:  BTFSC  34.2
0842:  GOTO   049
....................       V_INTERVALO_INCREMENTO = velocidade; 
0843:  MOVF   32,W
0844:  MOVWF  28
0845:  MOVF   31,W
0846:  MOVWF  27
....................       para_2 = 1; 
0847:  BSF    34.2
....................       para_1 = 0; 
0848:  BCF    34.1
....................    } 
....................  
....................    if (contador == 48 && !para_1) { 
0849:  MOVF   29,W
084A:  SUBLW  30
084B:  BTFSS  03.2
084C:  GOTO   07D
084D:  MOVF   2A,F
084E:  BTFSS  03.2
084F:  GOTO   07D
0850:  BTFSC  34.1
0851:  GOTO   07D
....................       V_INTERVALO_INCREMENTO = V_INTERVALO_INCREMENTO * 0.80; 
0852:  MOVF   28,W
0853:  MOVWF  4F
0854:  MOVF   27,W
0855:  MOVWF  4E
0856:  BCF    0A.3
0857:  CALL   5F6
0858:  BSF    0A.3
0859:  MOVF   7A,W
085A:  MOVWF  51
085B:  MOVF   79,W
085C:  MOVWF  50
085D:  MOVF   78,W
085E:  MOVWF  4F
085F:  MOVF   77,W
0860:  MOVWF  4E
0861:  MOVLW  CD
0862:  MOVWF  55
0863:  MOVLW  CC
0864:  MOVWF  54
0865:  MOVLW  4C
0866:  MOVWF  53
0867:  MOVLW  7E
0868:  MOVWF  52
0869:  BCF    0A.3
086A:  CALL   613
086B:  BSF    0A.3
086C:  MOVF   7A,W
086D:  MOVWF  51
086E:  MOVF   79,W
086F:  MOVWF  50
0870:  MOVF   78,W
0871:  MOVWF  4F
0872:  MOVF   77,W
0873:  MOVWF  4E
0874:  BCF    0A.3
0875:  CALL   688
0876:  BSF    0A.3
0877:  MOVF   79,W
0878:  MOVWF  28
0879:  MOVF   78,W
087A:  MOVWF  27
....................       para_2 = 0; 
087B:  BCF    34.2
....................       para_1 = 1; 
087C:  BSF    34.1
....................    } 
....................  
....................    if (contador == 72 && !para_2) { 
087D:  MOVF   29,W
087E:  SUBLW  48
087F:  BTFSS  03.2
0880:  GOTO   0AF
0881:  MOVF   2A,F
0882:  BTFSS  03.2
0883:  GOTO   0AF
0884:  BTFSC  34.2
0885:  GOTO   0AF
....................       V_INTERVALO_INCREMENTO = V_INTERVALO_INCREMENTO * 0.90; 
0886:  MOVF   28,W
0887:  MOVWF  4F
0888:  MOVF   27,W
0889:  MOVWF  4E
088A:  BCF    0A.3
088B:  CALL   5F6
088C:  BSF    0A.3
088D:  MOVF   7A,W
088E:  MOVWF  51
088F:  MOVF   79,W
0890:  MOVWF  50
0891:  MOVF   78,W
0892:  MOVWF  4F
0893:  MOVF   77,W
0894:  MOVWF  4E
0895:  MOVLW  66
0896:  MOVWF  55
0897:  MOVWF  54
0898:  MOVWF  53
0899:  MOVLW  7E
089A:  MOVWF  52
089B:  BCF    0A.3
089C:  CALL   613
089D:  BSF    0A.3
089E:  MOVF   7A,W
089F:  MOVWF  51
08A0:  MOVF   79,W
08A1:  MOVWF  50
08A2:  MOVF   78,W
08A3:  MOVWF  4F
08A4:  MOVF   77,W
08A5:  MOVWF  4E
08A6:  BCF    0A.3
08A7:  CALL   688
08A8:  BSF    0A.3
08A9:  MOVF   79,W
08AA:  MOVWF  28
08AB:  MOVF   78,W
08AC:  MOVWF  27
....................       para_2 = 1; 
08AD:  BSF    34.2
....................       para_1 = 0; 
08AE:  BCF    34.1
....................    } 
....................  
....................    if (contador == 96 && !para_1) { 
08AF:  MOVF   29,W
08B0:  SUBLW  60
08B1:  BTFSS  03.2
08B2:  GOTO   0E0
08B3:  MOVF   2A,F
08B4:  BTFSS  03.2
08B5:  GOTO   0E0
08B6:  BTFSC  34.1
08B7:  GOTO   0E0
....................       V_INTERVALO_INCREMENTO = V_INTERVALO_INCREMENTO * 0.90; 
08B8:  MOVF   28,W
08B9:  MOVWF  4F
08BA:  MOVF   27,W
08BB:  MOVWF  4E
08BC:  BCF    0A.3
08BD:  CALL   5F6
08BE:  BSF    0A.3
08BF:  MOVF   7A,W
08C0:  MOVWF  51
08C1:  MOVF   79,W
08C2:  MOVWF  50
08C3:  MOVF   78,W
08C4:  MOVWF  4F
08C5:  MOVF   77,W
08C6:  MOVWF  4E
08C7:  MOVLW  66
08C8:  MOVWF  55
08C9:  MOVWF  54
08CA:  MOVWF  53
08CB:  MOVLW  7E
08CC:  MOVWF  52
08CD:  BCF    0A.3
08CE:  CALL   613
08CF:  BSF    0A.3
08D0:  MOVF   7A,W
08D1:  MOVWF  51
08D2:  MOVF   79,W
08D3:  MOVWF  50
08D4:  MOVF   78,W
08D5:  MOVWF  4F
08D6:  MOVF   77,W
08D7:  MOVWF  4E
08D8:  BCF    0A.3
08D9:  CALL   688
08DA:  BSF    0A.3
08DB:  MOVF   79,W
08DC:  MOVWF  28
08DD:  MOVF   78,W
08DE:  MOVWF  27
....................       para_1 = 1; 
08DF:  BSF    34.1
....................    } 
....................  
....................    if (contador == finalfase + 5) 
08E0:  MOVLW  05
08E1:  ADDWF  4A,W
08E2:  SUBWF  29,W
08E3:  BTFSS  03.2
08E4:  GOTO   0E9
08E5:  MOVF   2A,F
08E6:  BTFSS  03.2
08E7:  GOTO   0E9
....................       fase = 0; 
08E8:  CLRF   2F
08E9:  BSF    0A.3
08EA:  BCF    0A.4
08EB:  GOTO   25A (RETURN)
.................... } 
....................  
.................... void fase3() { 
....................  
....................    chama(); 
08EC:  BCF    0A.3
08ED:  CALL   590
08EE:  BSF    0A.3
....................    atualiza_display(); // Atualiza o display 
08EF:  BCF    0A.3
08F0:  CALL   4F6
08F1:  BSF    0A.3
....................    verificabotao(); 
08F2:  BCF    0A.3
08F3:  CALL   599
08F4:  BSF    0A.3
....................  
....................    if ((contador + 1) % 3 == 0 && !para_1 && contador < 30) { 
08F5:  MOVLW  01
08F6:  ADDWF  29,W
08F7:  MOVWF  4E
08F8:  MOVF   2A,W
08F9:  MOVWF  4F
08FA:  BTFSC  03.0
08FB:  INCF   4F,F
08FC:  MOVF   4F,W
08FD:  MOVWF  53
08FE:  MOVF   4E,W
08FF:  MOVWF  52
0900:  CLRF   55
0901:  MOVLW  03
0902:  MOVWF  54
0903:  BCF    0A.3
0904:  CALL   41A
0905:  BSF    0A.3
0906:  MOVF   77,W
0907:  MOVWF  4E
0908:  MOVF   7A,W
0909:  MOVWF  4F
090A:  MOVF   4E,F
090B:  BTFSS  03.2
090C:  GOTO   144
090D:  MOVF   4F,F
090E:  BTFSS  03.2
090F:  GOTO   144
0910:  BTFSC  34.1
0911:  GOTO   144
0912:  MOVF   2A,F
0913:  BTFSS  03.2
0914:  GOTO   144
0915:  MOVF   29,W
0916:  SUBLW  1D
0917:  BTFSS  03.0
0918:  GOTO   144
....................       V_INTERVALO_INCREMENTO = V_INTERVALO_INCREMENTO * 0.94; 
0919:  MOVF   28,W
091A:  MOVWF  4F
091B:  MOVF   27,W
091C:  MOVWF  4E
091D:  BCF    0A.3
091E:  CALL   5F6
091F:  BSF    0A.3
0920:  MOVF   7A,W
0921:  MOVWF  51
0922:  MOVF   79,W
0923:  MOVWF  50
0924:  MOVF   78,W
0925:  MOVWF  4F
0926:  MOVF   77,W
0927:  MOVWF  4E
0928:  MOVLW  D7
0929:  MOVWF  55
092A:  MOVLW  A3
092B:  MOVWF  54
092C:  MOVLW  70
092D:  MOVWF  53
092E:  MOVLW  7E
092F:  MOVWF  52
0930:  BCF    0A.3
0931:  CALL   613
0932:  BSF    0A.3
0933:  MOVF   7A,W
0934:  MOVWF  51
0935:  MOVF   79,W
0936:  MOVWF  50
0937:  MOVF   78,W
0938:  MOVWF  4F
0939:  MOVF   77,W
093A:  MOVWF  4E
093B:  BCF    0A.3
093C:  CALL   688
093D:  BSF    0A.3
093E:  MOVF   79,W
093F:  MOVWF  28
0940:  MOVF   78,W
0941:  MOVWF  27
....................       para_1 = 1; 
0942:  BSF    34.1
....................       para_2 = 0; 
0943:  BCF    34.2
....................    } 
....................  
....................    if ((contador + 1) % 4 == 0 && !para_2 && (contador + 1) % 12) { 
0944:  MOVLW  01
0945:  ADDWF  29,W
0946:  MOVWF  4E
0947:  MOVF   2A,W
0948:  MOVWF  4F
0949:  BTFSC  03.0
094A:  INCF   4F,F
094B:  MOVLW  03
094C:  ANDWF  4E,F
094D:  CLRF   4F
094E:  MOVF   4E,F
094F:  BTFSS  03.2
0950:  GOTO   16D
0951:  MOVF   4F,F
0952:  BTFSS  03.2
0953:  GOTO   16D
0954:  BTFSC  34.2
0955:  GOTO   16D
0956:  MOVLW  01
0957:  ADDWF  29,W
0958:  MOVWF  4E
0959:  MOVF   2A,W
095A:  MOVWF  4F
095B:  BTFSC  03.0
095C:  INCF   4F,F
095D:  MOVF   4F,W
095E:  MOVWF  53
095F:  MOVF   4E,W
0960:  MOVWF  52
0961:  CLRF   55
0962:  MOVLW  0C
0963:  MOVWF  54
0964:  BCF    0A.3
0965:  CALL   41A
0966:  BSF    0A.3
0967:  MOVF   77,W
0968:  IORWF  7A,W
0969:  BTFSC  03.2
096A:  GOTO   16D
....................       para_1 = 0; 
096B:  BCF    34.1
....................       para_2 = 1; 
096C:  BSF    34.2
....................    } 
....................  
....................    if (contador == finalfase + 5) 
096D:  MOVLW  05
096E:  ADDWF  4A,W
096F:  SUBWF  29,W
0970:  BTFSS  03.2
0971:  GOTO   175
0972:  MOVF   2A,F
0973:  BTFSC  03.2
....................       fase = 0; 
0974:  CLRF   2F
0975:  BSF    0A.3
0976:  BCF    0A.4
0977:  GOTO   286 (RETURN)
....................  
.................... } 
....................  
.................... void fase4() { 
....................  
....................    chama(); 
*
077D:  CALL   590
....................  
....................    atualiza_display(); // Atualiza o display 
077E:  CALL   4F6
....................    verificabotao(); 
077F:  CALL   599
....................  
....................    if (contador == finalfase + 5) 
0780:  MOVLW  05
0781:  ADDWF  4A,W
0782:  SUBWF  29,W
0783:  BTFSS  03.2
0784:  GOTO   788
0785:  MOVF   2A,F
0786:  BTFSC  03.2
....................       fase = 0; 
0787:  CLRF   2F
0788:  BSF    0A.3
0789:  BCF    0A.4
078A:  GOTO   2DC (RETURN)
....................  
.................... } 
....................  
.................... void chama() { 
....................    unidade = mostra_u; 
*
0590:  MOVF   35,W
0591:  MOVWF  2B
....................    dezena = mostra_d; 
0592:  MOVF   36,W
0593:  MOVWF  2C
....................    centena = mostra_c; 
0594:  MOVF   37,W
0595:  MOVWF  2D
....................    milhar = mostra_m; 
0596:  MOVF   38,W
0597:  MOVWF  2E
0598:  RETURN
.................... } 
....................  
.................... void escolha_de_fase() { 
....................  
....................    if (!input(S4)) { 
*
0543:  BSF    03.5
0544:  BSF    06.3
0545:  BCF    03.5
0546:  BTFSC  06.3
0547:  GOTO   54A
....................       fase = 4; 
0548:  MOVLW  04
0549:  MOVWF  2F
....................    } 
....................  
....................    if (!input(S3)) { 
054A:  BSF    03.5
054B:  BSF    06.2
054C:  BCF    03.5
054D:  BTFSC  06.2
054E:  GOTO   551
....................       fase = 3; 
054F:  MOVLW  03
0550:  MOVWF  2F
....................    } 
....................    if (!input(S2)) { 
0551:  BSF    03.5
0552:  BSF    06.1
0553:  BCF    03.5
0554:  BTFSC  06.1
0555:  GOTO   558
....................       fase = 2; 
0556:  MOVLW  02
0557:  MOVWF  2F
....................    } 
....................    if (!input(S1)) { 
0558:  BSF    03.5
0559:  BSF    06.0
055A:  BCF    03.5
055B:  BTFSC  06.0
055C:  GOTO   55F
....................       fase = 1; 
055D:  MOVLW  01
055E:  MOVWF  2F
....................  
....................    } 
....................    if (fase) { 
055F:  MOVF   2F,F
0560:  BTFSC  03.2
0561:  GOTO   58D
....................  
....................       output_low(DM); 
0562:  BSF    03.5
0563:  BCF    06.7
0564:  BCF    03.5
0565:  BCF    06.7
....................       output_low(DD); 
0566:  BSF    03.5
0567:  BCF    06.5
0568:  BCF    03.5
0569:  BCF    06.5
....................       output_low(DC); 
056A:  BSF    03.5
056B:  BCF    06.6
056C:  BCF    03.5
056D:  BCF    06.6
....................       output_low(DU); 
056E:  BSF    03.5
056F:  BCF    06.4
0570:  BCF    03.5
0571:  BCF    06.4
....................       inicio = 3; 
0572:  MOVLW  03
0573:  MOVWF  30
....................       V_INTERVALO_INCREMENTO = V_INTERVALO_INCREMENTO * 2; 
0574:  BCF    03.0
0575:  RLF    27,F
0576:  RLF    28,F
....................       output_high(DU); 
0577:  BSF    03.5
0578:  BCF    06.4
0579:  BCF    03.5
057A:  BSF    06.4
....................  
....................       while (inicio > 0) { 
057B:  MOVF   30,F
057C:  BTFSC  03.2
057D:  GOTO   58A
....................          unidade = inicio; 
057E:  MOVF   30,W
057F:  MOVWF  2B
....................          dezena = 12; 
0580:  MOVLW  0C
0581:  MOVWF  2C
....................          centena = 12; // Unidades 
0582:  MOVWF  2D
....................          milhar = inicio; 
0583:  MOVF   30,W
0584:  MOVWF  2E
....................          atualiza_display(); 
0585:  CALL   4F6
....................          delay(30); 
0586:  MOVLW  1E
0587:  MOVWF  4E
0588:  CALL   43F
0589:  GOTO   57B
....................  
....................       } 
....................       V_INTERVALO_INCREMENTO = V_INTERVALO_INCREMENTO / 2; 
058A:  BCF    03.0
058B:  RRF    28,F
058C:  RRF    27,F
....................    } 
058D:  BSF    0A.3
058E:  BCF    0A.4
058F:  GOTO   21C (RETURN)
.................... } 
....................  
.................... void falha() { 
....................  
....................    inicio = 7; 
*
070F:  MOVLW  07
0710:  MOVWF  30
....................  
....................    unidade = 12; 
0711:  MOVLW  0C
0712:  MOVWF  2B
....................    if ((contador % 10)) { 
0713:  MOVF   2A,W
0714:  MOVWF  53
0715:  MOVF   29,W
0716:  MOVWF  52
0717:  CLRF   55
0718:  MOVLW  0A
0719:  MOVWF  54
071A:  CALL   41A
071B:  MOVF   77,W
071C:  IORWF  7A,W
071D:  BTFSC  03.2
071E:  GOTO   752
....................       dezena = -(contador % 10) + 10; 
071F:  MOVF   2A,W
0720:  MOVWF  53
0721:  MOVF   29,W
0722:  MOVWF  52
0723:  CLRF   55
0724:  MOVLW  0A
0725:  MOVWF  54
0726:  CALL   41A
0727:  MOVF   77,W
0728:  SUBLW  00
0729:  MOVWF  4E
072A:  CLRF   4F
072B:  MOVF   7A,W
072C:  BTFSS  03.0
072D:  INCFSZ 7A,W
072E:  SUBWF  4F,F
072F:  MOVLW  0A
0730:  ADDWF  4E,W
0731:  MOVWF  2C
....................       centena = -((contador / 10) % 10) + 9; 
0732:  MOVF   2A,W
0733:  MOVWF  53
0734:  MOVF   29,W
0735:  MOVWF  52
0736:  CLRF   55
0737:  MOVLW  0A
0738:  MOVWF  54
0739:  CALL   41A
073A:  MOVF   79,W
073B:  MOVWF  4F
073C:  MOVF   78,W
073D:  MOVWF  4E
073E:  MOVF   79,W
073F:  MOVWF  53
0740:  MOVF   78,W
0741:  MOVWF  52
0742:  CLRF   55
0743:  MOVLW  0A
0744:  MOVWF  54
0745:  CALL   41A
0746:  MOVF   77,W
0747:  SUBLW  00
0748:  MOVWF  4E
0749:  CLRF   4F
074A:  MOVF   7A,W
074B:  BTFSS  03.0
074C:  INCFSZ 7A,W
074D:  SUBWF  4F,F
074E:  MOVLW  09
074F:  ADDWF  4E,W
0750:  MOVWF  2D
....................    } else { 
0751:  GOTO   772
....................       dezena = 0; 
0752:  CLRF   2C
....................       centena = -((contador / 10) % 10) + 10; 
0753:  MOVF   2A,W
0754:  MOVWF  53
0755:  MOVF   29,W
0756:  MOVWF  52
0757:  CLRF   55
0758:  MOVLW  0A
0759:  MOVWF  54
075A:  CALL   41A
075B:  MOVF   79,W
075C:  MOVWF  4F
075D:  MOVF   78,W
075E:  MOVWF  4E
075F:  MOVF   79,W
0760:  MOVWF  53
0761:  MOVF   78,W
0762:  MOVWF  52
0763:  CLRF   55
0764:  MOVLW  0A
0765:  MOVWF  54
0766:  CALL   41A
0767:  MOVF   77,W
0768:  SUBLW  00
0769:  MOVWF  4E
076A:  CLRF   4F
076B:  MOVF   7A,W
076C:  BTFSS  03.0
076D:  INCFSZ 7A,W
076E:  SUBWF  4F,F
076F:  MOVLW  0A
0770:  ADDWF  4E,W
0771:  MOVWF  2D
....................    } 
....................  
....................    milhar = 12; 
0772:  MOVLW  0C
0773:  MOVWF  2E
....................  
....................    while (inicio) { 
0774:  MOVF   30,F
0775:  BTFSC  03.2
0776:  GOTO   77C
....................       atualiza_display(); 
0777:  CALL   4F6
....................  
....................       delay(15); 
0778:  MOVLW  0F
0779:  MOVWF  4E
077A:  CALL   43F
077B:  GOTO   774
....................    } 
077C:  RETURN
.................... } 
....................  
.................... void tela_inicial() { 
....................  
....................    if (contador_tela_inicial == 1 || contador_tela_inicial == 2) { 
*
0447:  DECFSZ 49,W
0448:  GOTO   44A
0449:  GOTO   44E
044A:  MOVF   49,W
044B:  SUBLW  02
044C:  BTFSS  03.2
044D:  GOTO   494
....................  
....................       output_low(DM); 
044E:  BSF    03.5
044F:  BCF    06.7
0450:  BCF    03.5
0451:  BCF    06.7
....................       output_low(DU); 
0452:  BSF    03.5
0453:  BCF    06.4
0454:  BCF    03.5
0455:  BCF    06.4
....................  
....................       if (vez_contador_tela_inicial) { 
0456:  BTFSS  34.4
0457:  GOTO   476
....................          output_low(DC); 
0458:  BSF    03.5
0459:  BCF    06.6
045A:  BCF    03.5
045B:  BCF    06.6
....................          output_high(DD); 
045C:  BSF    03.5
045D:  BCF    06.5
045E:  BCF    03.5
045F:  BSF    06.5
....................          if (!pasou_fase_3) { 
0460:  BTFSC  34.7
0461:  GOTO   46B
....................             output_d(listadisplay3[contador_tela_inicial]); 
0462:  MOVF   49,W
0463:  CALL   03F
0464:  MOVWF  4E
0465:  BSF    03.5
0466:  CLRF   08
0467:  BCF    03.5
0468:  MOVF   4E,W
0469:  MOVWF  08
....................          } else { 
046A:  GOTO   474
....................             output_d(listadisplay3[contador_tela_inicial + 6]); 
046B:  MOVLW  06
046C:  ADDWF  49,W
046D:  CALL   03F
046E:  MOVWF  4E
046F:  BSF    03.5
0470:  CLRF   08
0471:  BCF    03.5
0472:  MOVF   4E,W
0473:  MOVWF  08
....................          } 
....................  
....................          vez_contador_tela_inicial = 0; 
0474:  BCF    34.4
....................       } else { 
0475:  GOTO   493
....................          output_low(DD); 
0476:  BSF    03.5
0477:  BCF    06.5
0478:  BCF    03.5
0479:  BCF    06.5
....................          output_high(DC); 
047A:  BSF    03.5
047B:  BCF    06.6
047C:  BCF    03.5
047D:  BSF    06.6
....................  
....................          if (!pasou_fase_2) { 
047E:  BTFSC  34.6
047F:  GOTO   489
....................             output_d(listadisplay2[contador_tela_inicial]); 
0480:  MOVF   49,W
0481:  CALL   04F
0482:  MOVWF  4E
0483:  BSF    03.5
0484:  CLRF   08
0485:  BCF    03.5
0486:  MOVF   4E,W
0487:  MOVWF  08
....................          } else { 
0488:  GOTO   492
....................             output_d(listadisplay2[contador_tela_inicial + 6]); 
0489:  MOVLW  06
048A:  ADDWF  49,W
048B:  CALL   04F
048C:  MOVWF  4E
048D:  BSF    03.5
048E:  CLRF   08
048F:  BCF    03.5
0490:  MOVF   4E,W
0491:  MOVWF  08
....................          } 
....................  
....................          vez_contador_tela_inicial = 1; 
0492:  BSF    34.4
....................       } 
....................  
....................    } else { 
0493:  GOTO   4D9
....................       output_low(DD); 
0494:  BSF    03.5
0495:  BCF    06.5
0496:  BCF    03.5
0497:  BCF    06.5
....................       output_low(DC); 
0498:  BSF    03.5
0499:  BCF    06.6
049A:  BCF    03.5
049B:  BCF    06.6
....................  
....................       if (vez_contador_tela_inicial) { 
049C:  BTFSS  34.4
049D:  GOTO   4BC
....................          output_low(DM); 
049E:  BSF    03.5
049F:  BCF    06.7
04A0:  BCF    03.5
04A1:  BCF    06.7
....................          output_high(DU); 
04A2:  BSF    03.5
04A3:  BCF    06.4
04A4:  BCF    03.5
04A5:  BSF    06.4
....................  
....................          if (!pasou_fase_4) { 
04A6:  BTFSC  4B.0
04A7:  GOTO   4B1
....................             output_d(listadisplay4[contador_tela_inicial]); 
04A8:  MOVF   49,W
04A9:  CALL   02F
04AA:  MOVWF  4E
04AB:  BSF    03.5
04AC:  CLRF   08
04AD:  BCF    03.5
04AE:  MOVF   4E,W
04AF:  MOVWF  08
....................          } else { 
04B0:  GOTO   4BA
....................             output_d(listadisplay4[contador_tela_inicial + 6]); 
04B1:  MOVLW  06
04B2:  ADDWF  49,W
04B3:  CALL   02F
04B4:  MOVWF  4E
04B5:  BSF    03.5
04B6:  CLRF   08
04B7:  BCF    03.5
04B8:  MOVF   4E,W
04B9:  MOVWF  08
....................          } 
....................  
....................          vez_contador_tela_inicial = 0; 
04BA:  BCF    34.4
....................       } else { 
04BB:  GOTO   4D9
....................          output_low(DU); 
04BC:  BSF    03.5
04BD:  BCF    06.4
04BE:  BCF    03.5
04BF:  BCF    06.4
....................          output_high(DM); 
04C0:  BSF    03.5
04C1:  BCF    06.7
04C2:  BCF    03.5
04C3:  BSF    06.7
....................  
....................          if (!pasou_fase_1) { 
04C4:  BTFSC  34.5
04C5:  GOTO   4CF
....................             output_d(listadisplay1[contador_tela_inicial]); 
04C6:  MOVF   49,W
04C7:  CALL   05F
04C8:  MOVWF  4E
04C9:  BSF    03.5
04CA:  CLRF   08
04CB:  BCF    03.5
04CC:  MOVF   4E,W
04CD:  MOVWF  08
....................          } else { 
04CE:  GOTO   4D8
....................             output_d(listadisplay1[contador_tela_inicial + 6]); 
04CF:  MOVLW  06
04D0:  ADDWF  49,W
04D1:  CALL   05F
04D2:  MOVWF  4E
04D3:  BSF    03.5
04D4:  CLRF   08
04D5:  BCF    03.5
04D6:  MOVF   4E,W
04D7:  MOVWF  08
....................          } 
....................  
....................          vez_contador_tela_inicial = 1; 
04D8:  BSF    34.4
....................       } 
....................    } 
....................    delay(35); 
04D9:  MOVLW  23
04DA:  MOVWF  4E
04DB:  CALL   43F
04DC:  BSF    0A.3
04DD:  BCF    0A.4
04DE:  GOTO   1EE (RETURN)
....................  
.................... } 
....................  
.................... void atualiza_display() { 
....................    delay(25); 
*
04F6:  MOVLW  19
04F7:  MOVWF  4E
04F8:  CALL   43F
....................    if (input_state(DU)) { 
04F9:  BTFSS  06.4
04FA:  GOTO   50C
....................       output_low(DU); 
04FB:  BSF    03.5
04FC:  BCF    06.4
04FD:  BCF    03.5
04FE:  BCF    06.4
....................       output_high(DD); 
04FF:  BSF    03.5
0500:  BCF    06.5
0501:  BCF    03.5
0502:  BSF    06.5
....................       output_d(display_numbers[dezena]); 
0503:  MOVF   2C,W
0504:  CALL   2BA
0505:  MOVWF  4E
0506:  BSF    03.5
0507:  CLRF   08
0508:  BCF    03.5
0509:  MOVF   4E,W
050A:  MOVWF  08
....................    } else if (input_state(DD)) { 
050B:  GOTO   542
050C:  BTFSS  06.5
050D:  GOTO   51F
....................       output_low(DD); 
050E:  BSF    03.5
050F:  BCF    06.5
0510:  BCF    03.5
0511:  BCF    06.5
....................       output_high(DC); 
0512:  BSF    03.5
0513:  BCF    06.6
0514:  BCF    03.5
0515:  BSF    06.6
....................       output_d(display_numbers[centena]); 
0516:  MOVF   2D,W
0517:  CALL   2BA
0518:  MOVWF  4E
0519:  BSF    03.5
051A:  CLRF   08
051B:  BCF    03.5
051C:  MOVF   4E,W
051D:  MOVWF  08
....................    } else if (input_state(DC)) { 
051E:  GOTO   542
051F:  BTFSS  06.6
0520:  GOTO   532
....................       output_low(DC); 
0521:  BSF    03.5
0522:  BCF    06.6
0523:  BCF    03.5
0524:  BCF    06.6
....................       output_high(DM); 
0525:  BSF    03.5
0526:  BCF    06.7
0527:  BCF    03.5
0528:  BSF    06.7
....................       output_d(display_numbers[milhar]); 
0529:  MOVF   2E,W
052A:  CALL   2BA
052B:  MOVWF  4E
052C:  BSF    03.5
052D:  CLRF   08
052E:  BCF    03.5
052F:  MOVF   4E,W
0530:  MOVWF  08
....................    } else { 
0531:  GOTO   542
....................       output_low(DM); 
0532:  BSF    03.5
0533:  BCF    06.7
0534:  BCF    03.5
0535:  BCF    06.7
....................       output_high(DU); 
0536:  BSF    03.5
0537:  BCF    06.4
0538:  BCF    03.5
0539:  BSF    06.4
....................       output_d(display_numbers[unidade]); 
053A:  MOVF   2B,W
053B:  CALL   2BA
053C:  MOVWF  4E
053D:  BSF    03.5
053E:  CLRF   08
053F:  BCF    03.5
0540:  MOVF   4E,W
0541:  MOVWF  08
....................    } 
0542:  RETURN
.................... } 
....................  
.................... void delay(int8 n) { 
....................    int8 i; 
....................    for (i = 0; i < n; i++) { 
*
043F:  CLRF   4F
0440:  MOVF   4E,W
0441:  SUBWF  4F,W
0442:  BTFSC  03.0
0443:  GOTO   446
0444:  INCF   4F,F
0445:  GOTO   440
....................       // NOP 
....................    } 
0446:  RETURN
.................... } 
....................  
.................... void verificabotao() { 
....................    if (!input(S4) && !unidade_ativode) { 
*
0599:  BSF    03.5
059A:  BSF    06.3
059B:  BCF    03.5
059C:  BTFSC  06.3
059D:  GOTO   5A2
059E:  BTFSC  33.4
059F:  GOTO   5A2
....................       unidade_ativo = 1; 
05A0:  BSF    33.0
....................       unidade_ativode = 1; 
05A1:  BSF    33.4
....................    } 
....................  
....................    if (!input(S3) && !dezena_ativode) { 
05A2:  BSF    03.5
05A3:  BSF    06.2
05A4:  BCF    03.5
05A5:  BTFSC  06.2
05A6:  GOTO   5AB
05A7:  BTFSC  33.5
05A8:  GOTO   5AB
....................       dezena_ativo = 1; 
05A9:  BSF    33.1
....................       dezena_ativode = 1; 
05AA:  BSF    33.5
....................    } 
....................    if (!input(S2) && !centena_ativode) { 
05AB:  BSF    03.5
05AC:  BSF    06.1
05AD:  BCF    03.5
05AE:  BTFSC  06.1
05AF:  GOTO   5B4
05B0:  BTFSC  33.6
05B1:  GOTO   5B4
....................       centena_ativo = 1; 
05B2:  BSF    33.2
....................       centena_ativode = 1; 
05B3:  BSF    33.6
....................    } 
....................    if (!input(S1) && !milhar_ativode) { 
05B4:  BSF    03.5
05B5:  BSF    06.0
05B6:  BCF    03.5
05B7:  BTFSC  06.0
05B8:  GOTO   5BD
05B9:  BTFSC  33.7
05BA:  GOTO   5BD
....................       milhar_ativo = 1; 
05BB:  BSF    33.3
....................       milhar_ativode = 1; 
05BC:  BSF    33.7
....................    } 
....................  
....................    if (unidade_ativode) { 
05BD:  BTFSS  33.4
05BE:  GOTO   5CB
....................       unidade_ativodecont--; 
05BF:  MOVF   41,W
05C0:  BTFSC  03.2
05C1:  DECF   42,F
05C2:  DECF   41,F
....................       if (!unidade_ativodecont) { 
05C3:  MOVF   41,W
05C4:  IORWF  42,W
05C5:  BTFSS  03.2
05C6:  GOTO   5CB
....................          unidade_ativodecont = contde; 
05C7:  CLRF   42
05C8:  MOVLW  C8
05C9:  MOVWF  41
....................          unidade_ativode = 0; 
05CA:  BCF    33.4
....................       } 
....................    } 
....................    if (dezena_ativode) { 
05CB:  BTFSS  33.5
05CC:  GOTO   5D9
....................       dezena_ativodecont--; 
05CD:  MOVF   43,W
05CE:  BTFSC  03.2
05CF:  DECF   44,F
05D0:  DECF   43,F
....................       if (!dezena_ativodecont) { 
05D1:  MOVF   43,W
05D2:  IORWF  44,W
05D3:  BTFSS  03.2
05D4:  GOTO   5D9
....................          dezena_ativodecont = contde; 
05D5:  CLRF   44
05D6:  MOVLW  C8
05D7:  MOVWF  43
....................          dezena_ativode = 0; 
05D8:  BCF    33.5
....................       } 
....................    } 
....................    if (centena_ativode) { 
05D9:  BTFSS  33.6
05DA:  GOTO   5E7
....................       centena_ativodecont--; 
05DB:  MOVF   45,W
05DC:  BTFSC  03.2
05DD:  DECF   46,F
05DE:  DECF   45,F
....................       if (!centena_ativodecont) { 
05DF:  MOVF   45,W
05E0:  IORWF  46,W
05E1:  BTFSS  03.2
05E2:  GOTO   5E7
....................          centena_ativodecont = contde; 
05E3:  CLRF   46
05E4:  MOVLW  C8
05E5:  MOVWF  45
....................          centena_ativode = 0; 
05E6:  BCF    33.6
....................       } 
....................    } 
....................    if (milhar_ativode) { 
05E7:  BTFSS  33.7
05E8:  GOTO   5F5
....................       milhar_ativodecont--; 
05E9:  MOVF   47,W
05EA:  BTFSC  03.2
05EB:  DECF   48,F
05EC:  DECF   47,F
....................       if (!milhar_ativodecont) { 
05ED:  MOVF   47,W
05EE:  IORWF  48,W
05EF:  BTFSS  03.2
05F0:  GOTO   5F5
....................          milhar_ativodecont = contde; 
05F1:  CLRF   48
05F2:  MOVLW  C8
05F3:  MOVWF  47
....................          milhar_ativode = 0; 
05F4:  BCF    33.7
....................       } 
....................    } 
05F5:  RETURN
....................  
.................... } 
....................  
.................... void verificaerro9() { 
....................    if ((unidade_ativo && unidade) || (dezena_ativo && dezena) || (centena_ativo && centena) || (milhar_ativo && milhar)) { 
*
02F5:  BTFSS  33.0
02F6:  GOTO   2FA
02F7:  MOVF   2B,F
02F8:  BTFSS  03.2
02F9:  GOTO   308
02FA:  BTFSS  33.1
02FB:  GOTO   2FF
02FC:  MOVF   2C,F
02FD:  BTFSS  03.2
02FE:  GOTO   308
02FF:  BTFSS  33.2
0300:  GOTO   304
0301:  MOVF   2D,F
0302:  BTFSS  03.2
0303:  GOTO   308
0304:  BTFSS  33.3
0305:  GOTO   309
0306:  MOVF   2E,F
0307:  BTFSS  03.2
....................       fase = 0; 
0308:  CLRF   2F
....................    } 
.................... } 
....................  
.................... void verificaerro0() { 
....................    // Se a unidade está ativa e seu valor é diferente de zero, reseta o contador 
....................    if ((!unidade_ativo && !unidade) || (!dezena_ativo && !dezena) || (!centena_ativo && !centena) || (!milhar_ativo && !milhar)) { 
0309:  BTFSC  33.0
030A:  GOTO   30E
030B:  MOVF   2B,F
030C:  BTFSC  03.2
030D:  GOTO   31C
030E:  BTFSC  33.1
030F:  GOTO   313
0310:  MOVF   2C,F
0311:  BTFSC  03.2
0312:  GOTO   31C
0313:  BTFSC  33.2
0314:  GOTO   318
0315:  MOVF   2D,F
0316:  BTFSC  03.2
0317:  GOTO   31C
0318:  BTFSC  33.3
0319:  GOTO   31D
031A:  MOVF   2E,F
031B:  BTFSC  03.2
....................       fase = 0; 
031C:  CLRF   2F
....................    } 
....................  
.................... } 
....................  
.................... void testalista() { 
....................    lista_u(); 
....................    lista_d(); 
....................    lista_c(); 
....................    lista_m(); 
....................  
.................... } 
....................  
.................... void lista_u() { 
....................  
....................    if (fase == 1) 
*
0325:  DECFSZ 2F,W
0326:  GOTO   32D
....................       mostra_u = u1[contador_u] - decremento_u; 
0327:  MOVF   39,W
0328:  CALL   06F
0329:  MOVWF  78
032A:  MOVF   3D,W
032B:  SUBWF  78,W
032C:  MOVWF  35
....................  
....................    if (fase == 2) 
032D:  MOVF   2F,W
032E:  SUBLW  02
032F:  BTFSS  03.2
0330:  GOTO   337
....................       mostra_u = u2[contador_u] - decremento_u; 
0331:  MOVF   39,W
0332:  CALL   0F4
0333:  MOVWF  78
0334:  MOVF   3D,W
0335:  SUBWF  78,W
0336:  MOVWF  35
....................  
....................    if (fase == 3) 
0337:  MOVF   2F,W
0338:  SUBLW  03
0339:  BTFSS  03.2
033A:  GOTO   341
....................       mostra_u = u3[contador_u] - decremento_u; 
033B:  MOVF   39,W
033C:  CALL   190
033D:  MOVWF  78
033E:  MOVF   3D,W
033F:  SUBWF  78,W
0340:  MOVWF  35
....................  
....................    if (fase == 4) 
0341:  MOVF   2F,W
0342:  SUBLW  04
0343:  BTFSS  03.2
0344:  GOTO   34B
....................       mostra_u = u4[contador_u] - decremento_u; 
0345:  MOVF   39,W
0346:  CALL   23C
0347:  MOVWF  78
0348:  MOVF   3D,W
0349:  SUBWF  78,W
034A:  MOVWF  35
....................  
....................    if (mostra_u <= 9) { 
034B:  MOVF   35,W
034C:  SUBLW  09
034D:  BTFSS  03.0
034E:  GOTO   357
....................       if (!mostra_u) { 
034F:  MOVF   35,F
0350:  BTFSS  03.2
0351:  GOTO   355
....................          contador_u++; 
0352:  INCF   39,F
....................          decremento_u = 0; 
0353:  CLRF   3D
....................       } else { 
0354:  GOTO   356
....................          decremento_u++; 
0355:  INCF   3D,F
....................       } 
....................    } else { 
0356:  GOTO   358
....................       contador_u++; 
0357:  INCF   39,F
....................    } 
....................  
.................... } 
.................... void lista_d() { 
....................  
....................    if (fase == 1) 
0358:  DECFSZ 2F,W
0359:  GOTO   360
....................       mostra_d = d1[contador_d] - decremento_d; 
035A:  MOVF   3A,W
035B:  CALL   089
035C:  MOVWF  78
035D:  MOVF   3E,W
035E:  SUBWF  78,W
035F:  MOVWF  36
....................  
....................    if (fase == 2) 
0360:  MOVF   2F,W
0361:  SUBLW  02
0362:  BTFSS  03.2
0363:  GOTO   36A
....................       mostra_d = d2[contador_d] - decremento_d; 
0364:  MOVF   3A,W
0365:  CALL   11F
0366:  MOVWF  78
0367:  MOVF   3E,W
0368:  SUBWF  78,W
0369:  MOVWF  36
....................  
....................    if (fase == 3) 
036A:  MOVF   2F,W
036B:  SUBLW  03
036C:  BTFSS  03.2
036D:  GOTO   374
....................       mostra_d = d3[contador_d] - decremento_d; 
036E:  MOVF   3A,W
036F:  CALL   1B8
0370:  MOVWF  78
0371:  MOVF   3E,W
0372:  SUBWF  78,W
0373:  MOVWF  36
....................  
....................    if (fase == 4) 
0374:  MOVF   2F,W
0375:  SUBLW  04
0376:  BTFSS  03.2
0377:  GOTO   37E
....................       mostra_d = d4[contador_d] - decremento_d; 
0378:  MOVF   3A,W
0379:  CALL   258
037A:  MOVWF  78
037B:  MOVF   3E,W
037C:  SUBWF  78,W
037D:  MOVWF  36
....................  
....................    if (mostra_d <= 9) { 
037E:  MOVF   36,W
037F:  SUBLW  09
0380:  BTFSS  03.0
0381:  GOTO   38A
....................       if (!mostra_d) { 
0382:  MOVF   36,F
0383:  BTFSS  03.2
0384:  GOTO   388
....................          contador_d++; 
0385:  INCF   3A,F
....................          decremento_d = 0; 
0386:  CLRF   3E
....................       } else { 
0387:  GOTO   389
....................          decremento_d++; 
0388:  INCF   3E,F
....................       } 
....................    } else { 
0389:  GOTO   38B
....................       contador_d++; 
038A:  INCF   3A,F
....................    } 
....................  
.................... } 
.................... void lista_c() { 
....................  
....................    if (fase == 1) 
038B:  DECFSZ 2F,W
038C:  GOTO   393
....................       mostra_c = c1[contador_c] - decremento_c; 
038D:  MOVF   3B,W
038E:  CALL   0AF
038F:  MOVWF  78
0390:  MOVF   3F,W
0391:  SUBWF  78,W
0392:  MOVWF  37
....................  
....................    if (fase == 2) 
0393:  MOVF   2F,W
0394:  SUBLW  02
0395:  BTFSS  03.2
0396:  GOTO   39D
....................       mostra_c = c2[contador_c] - decremento_c; 
0397:  MOVF   3B,W
0398:  CALL   149
0399:  MOVWF  78
039A:  MOVF   3F,W
039B:  SUBWF  78,W
039C:  MOVWF  37
....................  
....................    if (fase == 3) 
039D:  MOVF   2F,W
039E:  SUBLW  03
039F:  BTFSS  03.2
03A0:  GOTO   3A7
....................       mostra_c = c3[contador_c] - decremento_c; 
03A1:  MOVF   3B,W
03A2:  CALL   1E4
03A3:  MOVWF  78
03A4:  MOVF   3F,W
03A5:  SUBWF  78,W
03A6:  MOVWF  37
....................  
....................    if (fase == 4) 
03A7:  MOVF   2F,W
03A8:  SUBLW  04
03A9:  BTFSS  03.2
03AA:  GOTO   3B1
....................       mostra_c = c4[contador_c] - decremento_c; 
03AB:  MOVF   3B,W
03AC:  CALL   27C
03AD:  MOVWF  78
03AE:  MOVF   3F,W
03AF:  SUBWF  78,W
03B0:  MOVWF  37
....................  
....................    if (mostra_c <= 9) { 
03B1:  MOVF   37,W
03B2:  SUBLW  09
03B3:  BTFSS  03.0
03B4:  GOTO   3BD
....................       if (!mostra_c) { 
03B5:  MOVF   37,F
03B6:  BTFSS  03.2
03B7:  GOTO   3BB
....................          contador_c++; 
03B8:  INCF   3B,F
....................          decremento_c = 0; 
03B9:  CLRF   3F
....................       } else { 
03BA:  GOTO   3BC
....................          decremento_c++; 
03BB:  INCF   3F,F
....................       } 
....................    } else { 
03BC:  GOTO   3BE
....................       contador_c++; 
03BD:  INCF   3B,F
....................    } 
....................  
.................... } 
.................... void lista_m() { 
....................  
....................    if (fase == 1) 
03BE:  DECFSZ 2F,W
03BF:  GOTO   3C6
....................       mostra_m = m1[contador_m] - decremento_m; 
03C0:  MOVF   3C,W
03C1:  CALL   0D3
03C2:  MOVWF  78
03C3:  MOVF   40,W
03C4:  SUBWF  78,W
03C5:  MOVWF  38
....................  
....................    if (fase == 2) 
03C6:  MOVF   2F,W
03C7:  SUBLW  02
03C8:  BTFSS  03.2
03C9:  GOTO   3D0
....................       mostra_m = m2[contador_m] - decremento_m; 
03CA:  MOVF   3C,W
03CB:  CALL   170
03CC:  MOVWF  78
03CD:  MOVF   40,W
03CE:  SUBWF  78,W
03CF:  MOVWF  38
....................  
....................    if (fase == 3) 
03D0:  MOVF   2F,W
03D1:  SUBLW  03
03D2:  BTFSS  03.2
03D3:  GOTO   3DA
....................       mostra_m = m3[contador_m] - decremento_m; 
03D4:  MOVF   3C,W
03D5:  CALL   213
03D6:  MOVWF  78
03D7:  MOVF   40,W
03D8:  SUBWF  78,W
03D9:  MOVWF  38
....................  
....................    if (fase == 4) 
03DA:  MOVF   2F,W
03DB:  SUBLW  04
03DC:  BTFSS  03.2
03DD:  GOTO   3E4
....................       mostra_m = m4[contador_m] - decremento_m; 
03DE:  MOVF   3C,W
03DF:  CALL   2A0
03E0:  MOVWF  78
03E1:  MOVF   40,W
03E2:  SUBWF  78,W
03E3:  MOVWF  38
....................  
....................    if (mostra_m <= 9) { 
03E4:  MOVF   38,W
03E5:  SUBLW  09
03E6:  BTFSS  03.0
03E7:  GOTO   3F0
....................       if (!mostra_m) { 
03E8:  MOVF   38,F
03E9:  BTFSS  03.2
03EA:  GOTO   3EE
....................          contador_m++; 
03EB:  INCF   3C,F
....................          decremento_m = 0; 
03EC:  CLRF   40
....................       } else { 
03ED:  GOTO   3EF
....................          decremento_m++; 
03EE:  INCF   40,F
....................       } 
....................    } else { 
03EF:  GOTO   3F1
....................       contador_m++; 
03F0:  INCF   3C,F
....................    } 
....................  
.................... } 

Configuration Fuses:
   Word  1: 3971   XT NOWDT PUT BROWNOUT NOLVP NOCPD WRT_1000 NODEBUG NOPROTECT
